ARM Linker, 4.1 [Build 894] [Standard][RL-ARM]

==============================================================================

Section Cross References

    stm32fxxx_it.o(i.OTG_HS_IRQHandler) refers to usb_hcd_int.o(i.USBH_OTG_ISR_Handler) for USBH_OTG_ISR_Handler
    stm32fxxx_it.o(i.OTG_HS_IRQHandler) refers to main.o(.bss) for USB_OTG_Core
    stm32fxxx_it.o(i.TIM2_IRQHandler) refers to usb_bsp.o(i.USB_OTG_BSP_TimerIRQ) for USB_OTG_BSP_TimerIRQ
    usb_bsp.o(i.BSP_Delay) refers to usb_bsp.o(i.BSP_SetTime) for BSP_SetTime
    usb_bsp.o(i.BSP_Delay) refers to stm32f4xx_tim.o(i.TIM_Cmd) for TIM_Cmd
    usb_bsp.o(i.BSP_Delay) refers to usb_bsp.o(.data) for .data
    usb_bsp.o(i.BSP_SetTime) refers to stm32f4xx_tim.o(i.TIM_Cmd) for TIM_Cmd
    usb_bsp.o(i.BSP_SetTime) refers to stm32f4xx_tim.o(i.TIM_ITConfig) for TIM_ITConfig
    usb_bsp.o(i.BSP_SetTime) refers to stm32f4xx_tim.o(i.TIM_TimeBaseInit) for TIM_TimeBaseInit
    usb_bsp.o(i.BSP_SetTime) refers to stm32f4xx_tim.o(i.TIM_ClearITPendingBit) for TIM_ClearITPendingBit
    usb_bsp.o(i.BSP_SetTime) refers to stm32f4xx_tim.o(i.TIM_ARRPreloadConfig) for TIM_ARRPreloadConfig
    usb_bsp.o(i.USB_OTG_BSP_EnableInterrupt) refers to misc.o(i.NVIC_PriorityGroupConfig) for NVIC_PriorityGroupConfig
    usb_bsp.o(i.USB_OTG_BSP_EnableInterrupt) refers to misc.o(i.NVIC_Init) for NVIC_Init
    usb_bsp.o(i.USB_OTG_BSP_Init) refers to stm32f4xx_rcc.o(i.RCC_AHB1PeriphClockCmd) for RCC_AHB1PeriphClockCmd
    usb_bsp.o(i.USB_OTG_BSP_Init) refers to stm32f4xx_gpio.o(i.GPIO_PinAFConfig) for GPIO_PinAFConfig
    usb_bsp.o(i.USB_OTG_BSP_Init) refers to stm32f4xx_gpio.o(i.GPIO_Init) for GPIO_Init
    usb_bsp.o(i.USB_OTG_BSP_Init) refers to misc.o(i.NVIC_SetVectorTable) for NVIC_SetVectorTable
    usb_bsp.o(i.USB_OTG_BSP_Init) refers to misc.o(i.NVIC_PriorityGroupConfig) for NVIC_PriorityGroupConfig
    usb_bsp.o(i.USB_OTG_BSP_Init) refers to misc.o(i.NVIC_Init) for NVIC_Init
    usb_bsp.o(i.USB_OTG_BSP_Init) refers to stm32f4xx_rcc.o(i.RCC_APB1PeriphClockCmd) for RCC_APB1PeriphClockCmd
    usb_bsp.o(i.USB_OTG_BSP_TimerIRQ) refers to stm32f4xx_tim.o(i.TIM_GetITStatus) for TIM_GetITStatus
    usb_bsp.o(i.USB_OTG_BSP_TimerIRQ) refers to stm32f4xx_tim.o(i.TIM_ClearITPendingBit) for TIM_ClearITPendingBit
    usb_bsp.o(i.USB_OTG_BSP_TimerIRQ) refers to stm32f4xx_tim.o(i.TIM_Cmd) for TIM_Cmd
    usb_bsp.o(i.USB_OTG_BSP_TimerIRQ) refers to usb_bsp.o(.data) for .data
    usb_bsp.o(i.USB_OTG_BSP_mDelay) refers to usb_bsp.o(i.BSP_Delay) for BSP_Delay
    usb_bsp.o(i.USB_OTG_BSP_uDelay) refers to usb_bsp.o(i.BSP_Delay) for BSP_Delay
    main.o(i.main) refers to usbh_core.o(i.USBH_Init) for USBH_Init
    main.o(i.main) refers to usbh_core.o(i.USBH_Process) for USBH_Process
    main.o(i.main) refers to stm324xg_eval.o(i.STM_EVAL_LEDToggle) for STM_EVAL_LEDToggle
    main.o(i.main) refers to usbh_usr.o(.data) for USR_cb
    main.o(i.main) refers to usbh_msc_core.o(.data) for USBH_MSC_cb
    main.o(i.main) refers to main.o(.bss) for .bss
    usbh_usr.o(i.Explore_Disk) refers to ff.o(i.f_opendir) for f_opendir
    usbh_usr.o(i.Explore_Disk) refers to ff.o(i.f_readdir) for f_readdir
    usbh_usr.o(i.Explore_Disk) refers to strcpy.o(.text) for strcpy
    usbh_usr.o(i.Explore_Disk) refers to stm324xg_eval_lcd.o(i.LCD_SetTextColor) for LCD_SetTextColor
    usbh_usr.o(i.Explore_Disk) refers to stm324xg_eval_lcd.o(i.LCD_DisplayStringLine) for LCD_DisplayStringLine
    usbh_usr.o(i.Explore_Disk) refers to usb_hcd.o(i.HCD_IsDeviceConnected) for HCD_IsDeviceConnected
    usbh_usr.o(i.Explore_Disk) refers to stm324xg_eval_key.o(i.Key_ReadIOPin) for Key_ReadIOPin
    usbh_usr.o(i.Explore_Disk) refers to printf8.o(i.__0printf$8) for __2printf
    usbh_usr.o(i.Explore_Disk) refers to strcat.o(.text) for strcat
    usbh_usr.o(i.Explore_Disk) refers to usbh_usr.o(.data) for .data
    usbh_usr.o(i.Explore_Disk) refers to lcd_log.o(.data) for LCD_LineColor
    usbh_usr.o(i.Explore_Disk) refers to main.o(.bss) for USB_OTG_Core
    usbh_usr.o(i.Image_Browser) refers to ff.o(i.f_opendir) for f_opendir
    usbh_usr.o(i.Image_Browser) refers to ff.o(i.f_readdir) for f_readdir
    usbh_usr.o(i.Image_Browser) refers to strstr.o(.text) for strstr
    usbh_usr.o(i.Image_Browser) refers to ff.o(i.f_open) for f_open
    usbh_usr.o(i.Image_Browser) refers to usbh_usr.o(i.Show_Image) for Show_Image
    usbh_usr.o(i.Image_Browser) refers to usb_bsp.o(i.USB_OTG_BSP_mDelay) for USB_OTG_BSP_mDelay
    usbh_usr.o(i.Image_Browser) refers to usb_hcd.o(i.HCD_IsDeviceConnected) for HCD_IsDeviceConnected
    usbh_usr.o(i.Image_Browser) refers to stm324xg_eval_key.o(i.Key_ReadIOPin) for Key_ReadIOPin
    usbh_usr.o(i.Image_Browser) refers to ff.o(i.f_close) for f_close
    usbh_usr.o(i.Image_Browser) refers to lcd_log.o(i.LCD_LOG_SetHeader) for LCD_LOG_SetHeader
    usbh_usr.o(i.Image_Browser) refers to lcd_log.o(i.LCD_LOG_SetFooter) for LCD_LOG_SetFooter
[...]
    i.USBH_ParseInterfaceDesc                0x08002870   Section        0  usbh_stdreq.o(i.USBH_ParseInterfaceDesc)
    USBH_ParseInterfaceDesc                  0x08002871   Thumb Code    38  usbh_stdreq.o(i.USBH_ParseInterfaceDesc)
    i.USBH_Process                           0x08002896   Section        0  usbh_core.o(i.USBH_Process)
    i.USBH_SOF                               0x08002a0c   Section        0  usbh_core.o(i.USBH_SOF)
    i.USBH_SetAddress                        0x08002a10   Section        0  usbh_stdreq.o(i.USBH_SetAddress)
    i.USBH_SetCfg                            0x08002a28   Section        0  usbh_stdreq.o(i.USBH_SetCfg)
    i.USBH_USR_Configuration_DescAvailable   0x08002a40   Section        0  usbh_usr.o(i.USBH_USR_Configuration_DescAvailable)
    i.USBH_USR_DeInit                        0x08002a6c   Section        0  usbh_usr.o(i.USBH_USR_DeInit)
    i.USBH_USR_DeviceAddressAssigned         0x08002a78   Section        0  usbh_usr.o(i.USBH_USR_DeviceAddressAssigned)
    i.USBH_USR_DeviceAttached                0x08002a7c   Section        0  usbh_usr.o(i.USBH_USR_DeviceAttached)
    i.USBH_USR_DeviceDisconnected            0x08002a94   Section        0  usbh_usr.o(i.USBH_USR_DeviceDisconnected)
    i.USBH_USR_DeviceNotSupported            0x08002b00   Section        0  usbh_usr.o(i.USBH_USR_DeviceNotSupported)
    i.USBH_USR_DeviceSpeedDetected           0x08002b44   Section        0  usbh_usr.o(i.USBH_USR_DeviceSpeedDetected)
    i.USBH_USR_Device_DescAvailable          0x08002b7c   Section        0  usbh_usr.o(i.USBH_USR_Device_DescAvailable)
    i.USBH_USR_EnumerationDone               0x08002bc4   Section        0  usbh_usr.o(i.USBH_USR_EnumerationDone)
    i.USBH_USR_Init                          0x08002c50   Section        0  usbh_usr.o(i.USBH_USR_Init)
    i.USBH_USR_MSC_Application               0x08002d74   Section        0  usbh_usr.o(i.USBH_USR_MSC_Application)
    i.USBH_USR_Manufacturer_String           0x0800312c   Section        0  usbh_usr.o(i.USBH_USR_Manufacturer_String)
    i.USBH_USR_OverCurrentDetected           0x08003154   Section        0  usbh_usr.o(i.USBH_USR_OverCurrentDetected)
    i.USBH_USR_Product_String                0x08003198   Section        0  usbh_usr.o(i.USBH_USR_Product_String)
    i.USBH_USR_ResetDevice                   0x080031bc   Section        0  usbh_usr.o(i.USBH_USR_ResetDevice)
    i.USBH_USR_SerialNum_String              0x080031c0   Section        0  usbh_usr.o(i.USBH_USR_SerialNum_String)
    i.USBH_USR_UnrecoveredError              0x080031e8   Section        0  usbh_usr.o(i.USBH_USR_UnrecoveredError)
    i.USBH_USR_UserInput                     0x08003218   Section        0  usbh_usr.o(i.USBH_USR_UserInput)
    i.USB_OTG_BSP_ConfigVBUS                 0x0800322a   Section        0  usb_bsp.o(i.USB_OTG_BSP_ConfigVBUS)
    i.USB_OTG_BSP_DriveVBUS                  0x0800322c   Section        0  usb_bsp.o(i.USB_OTG_BSP_DriveVBUS)
    i.USB_OTG_BSP_EnableInterrupt            0x0800322e   Section        0  usb_bsp.o(i.USB_OTG_BSP_EnableInterrupt)
    i.USB_OTG_BSP_Init                       0x08003258   Section        0  usb_bsp.o(i.USB_OTG_BSP_Init)
    i.USB_OTG_BSP_TimerIRQ                   0x080033c8   Section        0  usb_bsp.o(i.USB_OTG_BSP_TimerIRQ)
    i.USB_OTG_BSP_mDelay                     0x08003400   Section        0  usb_bsp.o(i.USB_OTG_BSP_mDelay)
    i.USB_OTG_BSP_uDelay                     0x08003406   Section        0  usb_bsp.o(i.USB_OTG_BSP_uDelay)
    i.USB_OTG_CoreInit                       0x0800340c   Section        0  usb_core.o(i.USB_OTG_CoreInit)
    i.USB_OTG_CoreInitHost                   0x08003490   Section        0  usb_core.o(i.USB_OTG_CoreInitHost)
    i.USB_OTG_CoreReset                      0x0800353c   Section        0  usb_core.o(i.USB_OTG_CoreReset)
    USB_OTG_CoreReset                        0x0800353d   Thumb Code    84  usb_core.o(i.USB_OTG_CoreReset)
    i.USB_OTG_DisableGlobalInt               0x08003594   Section        0  usb_core.o(i.USB_OTG_DisableGlobalInt)
    i.USB_OTG_DriveVbus                      0x080035a4   Section        0  usb_core.o(i.USB_OTG_DriveVbus)
    i.USB_OTG_EnableGlobalInt                0x080035e0   Section        0  usb_core.o(i.USB_OTG_EnableGlobalInt)
    i.USB_OTG_EnableHostInt                  0x080035f0   Section        0  usb_core.o(i.USB_OTG_EnableHostInt)
    i.USB_OTG_FlushRxFifo                    0x08003638   Section        0  usb_core.o(i.USB_OTG_FlushRxFifo)
    i.USB_OTG_FlushTxFifo                    0x08003674   Section        0  usb_core.o(i.USB_OTG_FlushTxFifo)
    i.USB_OTG_HC_DoPing                      0x080036b8   Section        0  usb_core.o(i.USB_OTG_HC_DoPing)
    i.USB_OTG_HC_Halt                        0x080036e2   Section        0  usb_core.o(i.USB_OTG_HC_Halt)
    i.USB_OTG_HC_Init                        0x08003720   Section        0  usb_core.o(i.USB_OTG_HC_Init)
    i.USB_OTG_HC_StartXfer                   0x08003806   Section        0  usb_core.o(i.USB_OTG_HC_StartXfer)
    i.USB_OTG_InitFSLSPClkSel                0x08003908   Section        0  usb_core.o(i.USB_OTG_InitFSLSPClkSel)
    i.USB_OTG_IsEvenFrame                    0x08003914   Section        0  usb_core.o(i.USB_OTG_IsEvenFrame)
    i.USB_OTG_IsHostMode                     0x08003920   Section        0  usb_core.o(i.USB_OTG_IsHostMode)
    i.USB_OTG_ReadCoreItr                    0x08003930   Section        0  usb_core.o(i.USB_OTG_ReadCoreItr)
    i.USB_OTG_ReadHPRT0                      0x0800393a   Section        0  usb_core.o(i.USB_OTG_ReadHPRT0)
    i.USB_OTG_ReadHostAllChannels_intr       0x08003946   Section        0  usb_core.o(i.USB_OTG_ReadHostAllChannels_intr)
    i.USB_OTG_ReadPacket                     0x0800394c   Section        0  usb_core.o(i.USB_OTG_ReadPacket)
    i.USB_OTG_ResetPort                      0x0800396c   Section        0  usb_core.o(i.USB_OTG_ResetPort)
    i.USB_OTG_SelectCore                     0x08003998   Section        0  usb_core.o(i.USB_OTG_SelectCore)
    i.USB_OTG_SetCurrentMode                 0x08003a60   Section        0  usb_core.o(i.USB_OTG_SetCurrentMode)
    i.USB_OTG_USBH_handle_Disconnect_ISR     0x08003a8c   Section        0  usb_hcd_int.o(i.USB_OTG_USBH_handle_Disconnect_ISR)
    USB_OTG_USBH_handle_Disconnect_ISR       0x08003a8d   Thumb Code    40  usb_hcd_int.o(i.USB_OTG_USBH_handle_Disconnect_ISR)
    i.USB_OTG_USBH_handle_IncompletePeriodicXfer_ISR 0x08003ab8   Section        0  usb_hcd_int.o(i.USB_OTG_USBH_handle_IncompletePeriodicXfer_ISR)
    USB_OTG_USBH_handle_IncompletePeriodicXfer_ISR 0x08003ab9   Thumb Code    70  usb_hcd_int.o(i.USB_OTG_USBH_handle_IncompletePeriodicXfer_ISR)
    i.USB_OTG_USBH_handle_hc_ISR             0x08003afe   Section        0  usb_hcd_int.o(i.USB_OTG_USBH_handle_hc_ISR)
    USB_OTG_USBH_handle_hc_ISR               0x08003aff   Thumb Code    86  usb_hcd_int.o(i.USB_OTG_USBH_handle_hc_ISR)
    i.USB_OTG_USBH_handle_hc_n_In_ISR        0x08003b54   Section        0  usb_hcd_int.o(i.USB_OTG_USBH_handle_hc_n_In_ISR)
    USB_OTG_USBH_handle_hc_n_In_ISR          0x08003b55   Thumb Code  1066  usb_hcd_int.o(i.USB_OTG_USBH_handle_hc_n_In_ISR)
    i.USB_OTG_USBH_handle_hc_n_Out_ISR       0x08003f7e   Section        0  usb_hcd_int.o(i.USB_OTG_USBH_handle_hc_n_Out_ISR)
    USB_OTG_USBH_handle_hc_n_Out_ISR         0x08003f7f   Thumb Code   976  usb_hcd_int.o(i.USB_OTG_USBH_handle_hc_n_Out_ISR)
    i.USB_OTG_USBH_handle_nptxfempty_ISR     0x0800434e   Section        0  usb_hcd_int.o(i.USB_OTG_USBH_handle_nptxfempty_ISR)
    USB_OTG_USBH_handle_nptxfempty_ISR       0x0800434f   Thumb Code   298  usb_hcd_int.o(i.USB_OTG_USBH_handle_nptxfempty_ISR)
    i.USB_OTG_USBH_handle_port_ISR           0x08004478   Section        0  usb_hcd_int.o(i.USB_OTG_USBH_handle_port_ISR)
    USB_OTG_USBH_handle_port_ISR             0x08004479   Thumb Code   282  usb_hcd_int.o(i.USB_OTG_USBH_handle_port_ISR)
    i.USB_OTG_USBH_handle_ptxfempty_ISR      0x08004598   Section        0  usb_hcd_int.o(i.USB_OTG_USBH_handle_ptxfempty_ISR)
    USB_OTG_USBH_handle_ptxfempty_ISR        0x08004599   Thumb Code   298  usb_hcd_int.o(i.USB_OTG_USBH_handle_ptxfempty_ISR)
    i.USB_OTG_USBH_handle_rx_qlvl_ISR        0x080046c2   Section        0  usb_hcd_int.o(i.USB_OTG_USBH_handle_rx_qlvl_ISR)
    USB_OTG_USBH_handle_rx_qlvl_ISR          0x080046c3   Thumb Code   318  usb_hcd_int.o(i.USB_OTG_USBH_handle_rx_qlvl_ISR)
    i.USB_OTG_USBH_handle_sof_ISR            0x08004800   Section        0  usb_hcd_int.o(i.USB_OTG_USBH_handle_sof_ISR)
    USB_OTG_USBH_handle_sof_ISR              0x08004801   Thumb Code    38  usb_hcd_int.o(i.USB_OTG_USBH_handle_sof_ISR)
    i.USB_OTG_WritePacket                    0x0800482c   Section        0  usb_core.o(i.USB_OTG_WritePacket)
    i.UsageFault_Handler                     0x08004854   Section        0  stm32fxxx_it.o(i.UsageFault_Handler)
    i.__0printf$8                            0x08004858   Section        0  printf8.o(i.__0printf$8)
    i.__scatterload_copy                     0x08004878   Section       14  handlers.o(i.__scatterload_copy)
    i.__scatterload_null                     0x08004886   Section        2  handlers.o(i.__scatterload_null)
    i.__scatterload_zeroinit                 0x08004888   Section       14  handlers.o(i.__scatterload_zeroinit)
    i._printf_core                           0x08004898   Section        0  printf8.o(i._printf_core)
    _printf_core                             0x08004899   Thumb Code  1010  printf8.o(i._printf_core)
    i._printf_post_padding                   0x08004cb8   Section        0  printf8.o(i._printf_post_padding)
    _printf_post_padding                     0x08004cb9   Thumb Code    38  printf8.o(i._printf_post_padding)
    i._printf_pre_padding                    0x08004cde   Section        0  printf8.o(i._printf_pre_padding)
    _printf_pre_padding                      0x08004cdf   Thumb Code    48  printf8.o(i._printf_pre_padding)
    i.check_fs                               0x08004d10   Section        0  ff.o(i.check_fs)
    check_fs                                 0x08004d11   Thumb Code    86  ff.o(i.check_fs)
    i.chk_mounted                            0x08004d6c   Section        0  ff.o(i.chk_mounted)
    i.clust2sect                             0x08004f3c   Section        0  ff.o(i.clust2sect)
    i.create_chain                           0x08004f54   Section        0  ff.o(i.create_chain)
    create_chain                             0x08004f55   Thumb Code   146  ff.o(i.create_chain)
    i.create_name                            0x08004fe8   Section        0  ff.o(i.create_name)
    create_name                              0x08004fe9   Thumb Code   238  ff.o(i.create_name)
    i.delay_ms                               0x080050e8   Section        0  stm324xg_eval_lcd.o(i.delay_ms)
    i.dir_next                               0x08005104   Section        0  ff.o(i.dir_next)
    dir_next                                 0x08005105   Thumb Code   238  ff.o(i.dir_next)
    i.dir_read                               0x080051f2   Section        0  ff.o(i.dir_read)
    dir_read                                 0x080051f3   Thumb Code    68  ff.o(i.dir_read)
    i.dir_register                           0x08005236   Section        0  ff.o(i.dir_register)
    dir_register                             0x08005237   Thumb Code   102  ff.o(i.dir_register)
    i.dir_seek                               0x0800529c   Section        0  ff.o(i.dir_seek)
    dir_seek                                 0x0800529d   Thumb Code   126  ff.o(i.dir_seek)
    i.disk_initialize                        0x0800531c   Section        0  usbh_msc_fatfs.o(i.disk_initialize)
    i.disk_ioctl                             0x0800533c   Section        0  usbh_msc_fatfs.o(i.disk_ioctl)
    i.disk_read                              0x0800537c   Section        0  usbh_msc_fatfs.o(i.disk_read)
    i.disk_status                            0x080053e0   Section        0  usbh_msc_fatfs.o(i.disk_status)
    i.disk_write                             0x080053f0   Section        0  usbh_msc_fatfs.o(i.disk_write)
    i.f_close                                0x0800545c   Section        0  ff.o(i.f_close)
    i.f_lseek                                0x0800546e   Section        0  ff.o(i.f_lseek)
    i.f_mount                                0x080055b0   Section        0  ff.o(i.f_mount)
    i.f_open                                 0x080055d8   Section        0  ff.o(i.f_open)
    i.f_opendir                              0x08005720   Section        0  ff.o(i.f_opendir)
    i.f_read                                 0x0800576e   Section        0  ff.o(i.f_read)
    i.f_readdir                              0x080058ca   Section        0  ff.o(i.f_readdir)
    i.f_sync                                 0x0800591a   Section        0  ff.o(i.f_sync)
    i.f_write                                0x080059be   Section        0  ff.o(i.f_write)
    i.follow_path                            0x08005b54   Section        0  ff.o(i.follow_path)
    follow_path                              0x08005b55   Thumb Code   194  ff.o(i.follow_path)
    i.fputc                                  0x08005c18   Section        0  lcd_log.o(i.fputc)
    i.get_fat                                0x08005d08   Section        0  ff.o(i.get_fat)
    i.get_fattime                            0x08005dbc   Section        0  fattime.o(i.get_fattime)
    i.get_fileinfo                           0x08005dc0   Section        0  ff.o(i.get_fileinfo)
    get_fileinfo                             0x08005dc1   Thumb Code   110  ff.o(i.get_fileinfo)
    i.main                                   0x08005e30   Section        0  main.o(i.main)
    i.mem_cpy                                0x08005e84   Section        0  ff.o(i.mem_cpy)
    mem_cpy                                  0x08005e85   Thumb Code    18  ff.o(i.mem_cpy)
    i.mem_set                                0x08005e96   Section        0  ff.o(i.mem_set)
    mem_set                                  0x08005e97   Thumb Code    14  ff.o(i.mem_set)
    i.move_window                            0x08005ea4   Section        0  ff.o(i.move_window)
    move_window                              0x08005ea5   Thumb Code   106  ff.o(i.move_window)
    i.put_fat                                0x08005f0e   Section        0  ff.o(i.put_fat)
    i.remove_chain                           0x08006000   Section        0  ff.o(i.remove_chain)
    remove_chain                             0x08006001   Thumb Code    98  ff.o(i.remove_chain)
    i.sync                                   0x08006062   Section        0  ff.o(i.sync)
    sync                                     0x08006063   Thumb Code   184  ff.o(i.sync)
    i.validate                               0x0800611a   Section        0  ff.o(i.validate)
    validate                                 0x0800611b   Thumb Code    32  ff.o(i.validate)
    .constdata                               0x0800613a   Section      318  usbh_usr.o(.constdata)
    .constdata                               0x08006278   Section      194  ff.o(.constdata)
    cvt                                      0x08006278   Data         128  ff.o(.constdata)
    sstbl                                    0x080062f8   Data          44  ff.o(.constdata)
    cstbl                                    0x08006324   Data          22  ff.o(.constdata)
    .constdata                               0x0800633a   Section     4560  stm324xg_eval_lcd.o(.constdata)
    .constdata                               0x0800750a   Section     2304  stm324xg_eval_lcd.o(.constdata)
    .constdata                               0x08007e0a   Section     2304  stm324xg_eval_lcd.o(.constdata)
    .constdata                               0x0800870c   Section       92  stm324xg_eval.o(.constdata)
    .data                                    0x20000000   Section        4  usb_bsp.o(.data)
    .data                                    0x20000004   Section        3  usbh_usr.o(.data)
    startup                                  0x20000006   Data           1  usbh_usr.o(.data)
    .data                                    0x20000008   Section       72  usbh_usr.o(.data)
    .data                                    0x20000050   Section        4  usbh_stdreq.o(.data)
    prev_itf                                 0x20000050   Data           1  usbh_stdreq.o(.data)
    prev_ep_size                             0x20000052   Data           2  usbh_stdreq.o(.data)
    .data                                    0x20000054   Section       12  usbh_core.o(.data)
    .data                                    0x20000060   Section        4  usbh_core.o(.data)
    .data                                    0x20000064   Section        2  usbh_core.o(.data)
    timeout                                  0x20000064   Data           2  usbh_core.o(.data)
    .data                                    0x20000066   Section        1  usbh_msc_scsi.o(.data)
    status                                   0x20000066   Data           1  usbh_msc_scsi.o(.data)
    .data                                    0x20000068   Section       20  usbh_msc_bot.o(.data)
    error_direction                          0x20000068   Data           1  usbh_msc_bot.o(.data)
    remainingDataLength                      0x2000006c   Data           4  usbh_msc_bot.o(.data)
    datapointer                              0x20000070   Data           4  usbh_msc_bot.o(.data)
    datapointer_prev                         0x20000074   Data           4  usbh_msc_bot.o(.data)
    BOTStallErrorCount                       0x20000078   Data           4  usbh_msc_bot.o(.data)
    .data                                    0x2000007c   Section        2  usbh_msc_core.o(.data)
    maxLunExceed                             0x2000007d   Data           1  usbh_msc_core.o(.data)
    .data                                    0x20000080   Section       16  usbh_msc_core.o(.data)
    .data                                    0x20000090   Section        1  usbh_msc_fatfs.o(.data)
    Stat                                     0x20000090   Data           1  usbh_msc_fatfs.o(.data)
    .data                                    0x20000094   Section       12  ff.o(.data)
    Fsid                                     0x20000094   Data           2  ff.o(.data)
    FatFs                                    0x20000098   Data           8  ff.o(.data)
    .data                                    0x200000a0   Section       18  lcd_log.o(.data)
    .data                                    0x200000b2   Section       16  stm32f4xx_rcc.o(.data)
    APBAHBPrescTable                         0x200000b2   Data          16  stm32f4xx_rcc.o(.data)
    .data                                    0x200000c4   Section       20  stm324xg_eval_lcd.o(.data)
    LCD_Currentfonts                         0x200000cc   Data           4  stm324xg_eval_lcd.o(.data)
    .data                                    0x200000d8   Section        8  stm324xg_eval_lcd.o(.data)
    .data                                    0x200000e0   Section        8  stm324xg_eval_lcd.o(.data)
    .data                                    0x200000e8   Section       44  stm324xg_eval.o(.data)
    .data                                    0x20000114   Section        1  stm324xg_eval_key.o(.data)
    .data                                    0x20000118   Section        4  stdout.o(.data)
    .bss                                     0x2000011c   Section     1584  main.o(.bss)
    .bss                                     0x2000074c   Section     1828  usbh_usr.o(.bss)
    .bss                                     0x20000e70   Section      512  usbh_stdreq.o(.bss)
    .bss                                     0x20001070   Section      528  usbh_msc_scsi.o(.bss)
    .bss                                     0x20001280   Section       64  usbh_msc_bot.o(.bss)
    .bss                                     0x200012c0   Section      522  usbh_msc_core.o(.bss)
    .bss                                     0x200014ca   Section      624  lcd_log.o(.bss)
    STACK                                    0x20001740   Section     1024  startup_stm32f4xx.o(STACK)

    Global Symbols

    Symbol Name                              Value     Ov Type        Size  Object(Section)

    BuildAttributes$$THM_ISAv4$E$P$D$K$B$S$7EM$VFPi3$EXTD16$VFPS$VFMA$PE$A:L22UL41UL21$X:L11$S22US41US21$IEEE1$IW$USESV6$~STKCKD$USESV7$~SHL$OSPACE$ROPI$EBA8$MICROLIB$REQ8$PRES8$EABIv2 0x00000000   Number         0  anon$$obj.o ABSOLUTE
    __ARM_use_no_argv                        0x00000000   Number         0  main.o ABSOLUTE
    _printf_a                                0x00000000   Number         0  stubs.o ABSOLUTE
    _printf_c                                0x00000000   Number         0  stubs.o ABSOLUTE
    _printf_charcount                        0x00000000   Number         0  stubs.o ABSOLUTE
    _printf_d                                0x00000000   Number         0  stubs.o ABSOLUTE
    _printf_e                                0x00000000   Number         0  stubs.o ABSOLUTE
    _printf_f                                0x00000000   Number         0  stubs.o ABSOLUTE
    _printf_flags                            0x00000000   Number         0  stubs.o ABSOLUTE
    _printf_fp_dec                           0x00000000   Number         0  stubs.o ABSOLUTE
    _printf_fp_hex                           0x00000000   Number         0  stubs.o ABSOLUTE
    _printf_g                                0x00000000   Number         0  stubs.o ABSOLUTE
    _printf_i                                0x00000000   Number         0  stubs.o ABSOLUTE
    _printf_int_dec                          0x00000000   Number         0  stubs.o ABSOLUTE
    _printf_l                                0x00000000   Number         0  stubs.o ABSOLUTE
    _printf_lc                               0x00000000   Number         0  stubs.o ABSOLUTE
    _printf_ll                               0x00000000   Number         0  stubs.o ABSOLUTE
    _printf_lld                              0x00000000   Number         0  stubs.o ABSOLUTE
    _printf_lli                              0x00000000   Number         0  stubs.o ABSOLUTE
    _printf_llo                              0x00000000   Number         0  stubs.o ABSOLUTE
    _printf_llu                              0x00000000   Number         0  stubs.o ABSOLUTE
    _printf_llx                              0x00000000   Number         0  stubs.o ABSOLUTE
    _printf_longlong_dec                     0x00000000   Number         0  stubs.o ABSOLUTE
    _printf_longlong_hex                     0x00000000   Number         0  stubs.o ABSOLUTE
    _printf_longlong_oct                     0x00000000   Number         0  stubs.o ABSOLUTE
    _printf_ls                               0x00000000   Number         0  stubs.o ABSOLUTE
    _printf_mbtowc                           0x00000000   Number         0  stubs.o ABSOLUTE
    _printf_n                                0x00000000   Number         0  stubs.o ABSOLUTE
    _printf_o                                0x00000000   Number         0  stubs.o ABSOLUTE
    _printf_p                                0x00000000   Number         0  stubs.o ABSOLUTE
    _printf_percent                          0x00000000   Number         0  stubs.o ABSOLUTE
    _printf_pre_padding                      0x00000000   Number         0  stubs.o ABSOLUTE
    _printf_return_value                     0x00000000   Number         0  stubs.o ABSOLUTE
    _printf_s                                0x00000000   Number         0  stubs.o ABSOLUTE
    _printf_sizespec                         0x00000000   Number         0  stubs.o ABSOLUTE
    _printf_str                              0x00000000   Number         0  stubs.o ABSOLUTE
    _printf_truncate_signed                  0x00000000   Number         0  stubs.o ABSOLUTE
    _printf_truncate_unsigned                0x00000000   Number         0  stubs.o ABSOLUTE
    _printf_u                                0x00000000   Number         0  stubs.o ABSOLUTE
    _printf_wc                               0x00000000   Number         0  stubs.o ABSOLUTE
    _printf_wctomb                           0x00000000   Number         0  stubs.o ABSOLUTE
    _printf_widthprec                        0x00000000   Number         0  stubs.o ABSOLUTE
    _printf_x                                0x00000000   Number         0  stubs.o ABSOLUTE
    __decompress                              - Undefined Weak Reference
    _clock_init                               - Undefined Weak Reference
    __Vectors_Size                           0x00000188   Number         0  startup_stm32f4xx.o ABSOLUTE
    __Vectors                                0x08000000   Data           4  startup_stm32f4xx.o(RESET)
    __Vectors_End                            0x08000188   Data           0  startup_stm32f4xx.o(RESET)
    __main                                   0x08000189   Thumb Code     0  entry.o(.ARM.Collect$$$$00000000)
    _main_stk                                0x08000189   Thumb Code     0  entry2.o(.ARM.Collect$$$$00000001)
    _main_scatterload                        0x0800018d   Thumb Code     0  entry5.o(.ARM.Collect$$$$00000004)
    __main_after_scatterload                 0x08000191   Thumb Code     0  entry5.o(.ARM.Collect$$$$00000004)
    _main_clock                              0x08000191   Thumb Code     0  entry7b.o(.ARM.Collect$$$$00000008)
    _main_init                               0x08000191   Thumb Code     0  entry8.o(.ARM.Collect$$$$00000009)
    Reset_Handler                            0x0800019d   Thumb Code     8  startup_stm32f4xx.o(.text)
    SysTick_Handler                          0x080001b5   Thumb Code     2  startup_stm32f4xx.o(.text)
    ADC_IRQHandler                           0x080001b7   Thumb Code     0  startup_stm32f4xx.o(.text)
    CAN1_RX0_IRQHandler                      0x080001b7   Thumb Code     0  startup_stm32f4xx.o(.text)
    CAN1_RX1_IRQHandler                      0x080001b7   Thumb Code     0  startup_stm32f4xx.o(.text)
    CAN1_SCE_IRQHandler                      0x080001b7   Thumb Code     0  startup_stm32f4xx.o(.text)
    CAN1_TX_IRQHandler                       0x080001b7   Thumb Code     0  startup_stm32f4xx.o(.text)
    CAN2_RX0_IRQHandler                      0x080001b7   Thumb Code     0  startup_stm32f4xx.o(.text)
    CAN2_RX1_IRQHandler                      0x080001b7   Thumb Code     0  startup_stm32f4xx.o(.text)
    CAN2_SCE_IRQHandler                      0x080001b7   Thumb Code     0  startup_stm32f4xx.o(.text)
    CAN2_TX_IRQHandler                       0x080001b7   Thumb Code     0  startup_stm32f4xx.o(.text)
    CRYP_IRQHandler                          0x080001b7   Thumb Code     0  startup_stm32f4xx.o(.text)
    DCMI_IRQHandler                          0x080001b7   Thumb Code     0  startup_stm32f4xx.o(.text)
    DMA1_Stream0_IRQHandler                  0x080001b7   Thumb Code     0  startup_stm32f4xx.o(.text)
    DMA1_Stream1_IRQHandler                  0x080001b7   Thumb Code     0  startup_stm32f4xx.o(.text)
    DMA1_Stream2_IRQHandler                  0x080001b7   Thumb Code     0  startup_stm32f4xx.o(.text)
    DMA1_Stream3_IRQHandler                  0x080001b7   Thumb Code     0  startup_stm32f4xx.o(.text)
    DMA1_Stream4_IRQHandler                  0x080001b7   Thumb Code     0  startup_stm32f4xx.o(.text)
    DMA1_Stream5_IRQHandler                  0x080001b7   Thumb Code     0  startup_stm32f4xx.o(.text)
    DMA1_Stream6_IRQHandler                  0x080001b7   Thumb Code     0  startup_stm32f4xx.o(.text)
    DMA1_Stream7_IRQHandler                  0x080001b7   Thumb Code     0  startup_stm32f4xx.o(.text)
    DMA2_Stream0_IRQHandler                  0x080001b7   Thumb Code     0  startup_stm32f4xx.o(.text)
    DMA2_Stream1_IRQHandler                  0x080001b7   Thumb Code     0  startup_stm32f4xx.o(.text)
    DMA2_Stream2_IRQHandler                  0x080001b7   Thumb Code     0  startup_stm32f4xx.o(.text)
    DMA2_Stream3_IRQHandler                  0x080001b7   Thumb Code     0  startup_stm32f4xx.o(.text)
    DMA2_Stream4_IRQHandler                  0x080001b7   Thumb Code     0  startup_stm32f4xx.o(.text)
    DMA2_Stream5_IRQHandler                  0x080001b7   Thumb Code     0  startup_stm32f4xx.o(.text)
    DMA2_Stream6_IRQHandler                  0x080001b7   Thumb Code     0  startup_stm32f4xx.o(.text)
    DMA2_Stream7_IRQHandler                  0x080001b7   Thumb Code     0  startup_stm32f4xx.o(.text)
    ETH_IRQHandler                           0x080001b7   Thumb Code     0  startup_stm32f4xx.o(.text)
    ETH_WKUP_IRQHandler                      0x080001b7   Thumb Code     0  startup_stm32f4xx.o(.text)
    EXTI0_IRQHandler                         0x080001b7   Thumb Code     0  startup_stm32f4xx.o(.text)
    EXTI15_10_IRQHandler                     0x080001b7   Thumb Code     0  startup_stm32f4xx.o(.text)
    EXTI1_IRQHandler                         0x080001b7   Thumb Code     0  startup_stm32f4xx.o(.text)
    EXTI2_IRQHandler                         0x080001b7   Thumb Code     0  startup_stm32f4xx.o(.text)
    EXTI3_IRQHandler                         0x080001b7   Thumb Code     0  startup_stm32f4xx.o(.text)
    EXTI4_IRQHandler                         0x080001b7   Thumb Code     0  startup_stm32f4xx.o(.text)
    EXTI9_5_IRQHandler                       0x080001b7   Thumb Code     0  startup_stm32f4xx.o(.text)
    FLASH_IRQHandler                         0x080001b7   Thumb Code     0  startup_stm32f4xx.o(.text)
    FPU_IRQHandler                           0x080001b7   Thumb Code     0  startup_stm32f4xx.o(.text)
    FSMC_IRQHandler                          0x080001b7   Thumb Code     0  startup_stm32f4xx.o(.text)
    HASH_RNG_IRQHandler                      0x080001b7   Thumb Code     0  startup_stm32f4xx.o(.text)
    I2C1_ER_IRQHandler                       0x080001b7   Thumb Code     0  startup_stm32f4xx.o(.text)
    I2C1_EV_IRQHandler                       0x080001b7   Thumb Code     0  startup_stm32f4xx.o(.text)
    I2C2_ER_IRQHandler                       0x080001b7   Thumb Code     0  startup_stm32f4xx.o(.text)
    I2C2_EV_IRQHandler                       0x080001b7   Thumb Code     0  startup_stm32f4xx.o(.text)
    I2C3_ER_IRQHandler                       0x080001b7   Thumb Code     0  startup_stm32f4xx.o(.text)
    I2C3_EV_IRQHandler                       0x080001b7   Thumb Code     0  startup_stm32f4xx.o(.text)
    OTG_FS_IRQHandler                        0x080001b7   Thumb Code     0  startup_stm32f4xx.o(.text)
    OTG_FS_WKUP_IRQHandler                   0x080001b7   Thumb Code     0  startup_stm32f4xx.o(.text)
    OTG_HS_EP1_IN_IRQHandler                 0x080001b7   Thumb Code     0  startup_stm32f4xx.o(.text)
    OTG_HS_EP1_OUT_IRQHandler                0x080001b7   Thumb Code     0  startup_stm32f4xx.o(.text)
    OTG_HS_WKUP_IRQHandler                   0x080001b7   Thumb Code     0  startup_stm32f4xx.o(.text)
    PVD_IRQHandler                           0x080001b7   Thumb Code     0  startup_stm32f4xx.o(.text)
    RCC_IRQHandler                           0x080001b7   Thumb Code     0  startup_stm32f4xx.o(.text)
    RTC_Alarm_IRQHandler                     0x080001b7   Thumb Code     0  startup_stm32f4xx.o(.text)
    RTC_WKUP_IRQHandler                      0x080001b7   Thumb Code     0  startup_stm32f4xx.o(.text)
    SDIO_IRQHandler                          0x080001b7   Thumb Code     0  startup_stm32f4xx.o(.text)
    SPI1_IRQHandler                          0x080001b7   Thumb Code     0  startup_stm32f4xx.o(.text)
    SPI2_IRQHandler                          0x080001b7   Thumb Code     0  startup_stm32f4xx.o(.text)
    SPI3_IRQHandler                          0x080001b7   Thumb Code     0  startup_stm32f4xx.o(.text)
    TAMP_STAMP_IRQHandler                    0x080001b7   Thumb Code     0  startup_stm32f4xx.o(.text)
    TIM1_BRK_TIM9_IRQHandler                 0x080001b7   Thumb Code     0  startup_stm32f4xx.o(.text)
    TIM1_CC_IRQHandler                       0x080001b7   Thumb Code     0  startup_stm32f4xx.o(.text)
    TIM1_TRG_COM_TIM11_IRQHandler            0x080001b7   Thumb Code     0  startup_stm32f4xx.o(.text)
    TIM1_UP_TIM10_IRQHandler                 0x080001b7   Thumb Code     0  startup_stm32f4xx.o(.text)
    TIM3_IRQHandler                          0x080001b7   Thumb Code     0  startup_stm32f4xx.o(.text)
    TIM4_IRQHandler                          0x080001b7   Thumb Code     0  startup_stm32f4xx.o(.text)
    TIM5_IRQHandler                          0x080001b7   Thumb Code     0  startup_stm32f4xx.o(.text)
    TIM6_DAC_IRQHandler                      0x080001b7   Thumb Code     0  startup_stm32f4xx.o(.text)
    TIM7_IRQHandler                          0x080001b7   Thumb Code     0  startup_stm32f4xx.o(.text)
    TIM8_BRK_TIM12_IRQHandler                0x080001b7   Thumb Code     0  startup_stm32f4xx.o(.text)
    TIM8_CC_IRQHandler                       0x080001b7   Thumb Code     0  startup_stm32f4xx.o(.text)
    TIM8_TRG_COM_TIM14_IRQHandler            0x080001b7   Thumb Code     0  startup_stm32f4xx.o(.text)
    TIM8_UP_TIM13_IRQHandler                 0x080001b7   Thumb Code     0  startup_stm32f4xx.o(.text)
    UART4_IRQHandler                         0x080001b7   Thumb Code     0  startup_stm32f4xx.o(.text)
    UART5_IRQHandler                         0x080001b7   Thumb Code     0  startup_stm32f4xx.o(.text)
    USART1_IRQHandler                        0x080001b7   Thumb Code     0  startup_stm32f4xx.o(.text)
    USART2_IRQHandler                        0x080001b7   Thumb Code     0  startup_stm32f4xx.o(.text)
    USART3_IRQHandler                        0x080001b7   Thumb Code     0  startup_stm32f4xx.o(.text)
    USART6_IRQHandler                        0x080001b7   Thumb Code     0  startup_stm32f4xx.o(.text)
    WWDG_IRQHandler                          0x080001b7   Thumb Code     0  startup_stm32f4xx.o(.text)
    __aeabi_memcpy                           0x080001c1   Thumb Code    36  memcpya.o(.text)
    __aeabi_memcpy4                          0x080001c1   Thumb Code     0  memcpya.o(.text)
    __aeabi_memcpy8                          0x080001c1   Thumb Code     0  memcpya.o(.text)
    strcat                                   0x080001e5   Thumb Code    28  strcat.o(.text)
    strstr                                   0x08000201   Thumb Code    44  strstr.o(.text)
    strcpy                                   0x0800022d   Thumb Code    18  strcpy.o(.text)
    __aeabi_uldivmod                         0x0800023f   Thumb Code    98  uldiv.o(.text)
    __scatterload                            0x080002a1   Thumb Code    28  init.o(.text)
    __scatterload_rt2                        0x080002a1   Thumb Code     0  init.o(.text)
    __aeabi_llsl                             0x080002c5   Thumb Code    30  llshl.o(.text)
    _ll_shift_l                              0x080002c5   Thumb Code     0  llshl.o(.text)
    __aeabi_llsr                             0x080002e3   Thumb Code    32  llushr.o(.text)
    _ll_ushift_r                             0x080002e3   Thumb Code     0  llushr.o(.text)
    BusFault_Handler                         0x08000393   Thumb Code     2  stm32fxxx_it.o(i.BusFault_Handler)
    DebugMon_Handler                         0x08000395   Thumb Code     2  stm32fxxx_it.o(i.DebugMon_Handler)
    FSMC_NORSRAMCmd                          0x08000515   Thumb Code    28  stm32f4xx_fsmc.o(i.FSMC_NORSRAMCmd)
    FSMC_NORSRAMInit                         0x08000535   Thumb Code   192  stm32f4xx_fsmc.o(i.FSMC_NORSRAMInit)
    GPIO_Init                                0x080005f5   Thumb Code   124  stm32f4xx_gpio.o(i.GPIO_Init)
    GPIO_PinAFConfig                         0x08000671   Thumb Code    32  stm32f4xx_gpio.o(i.GPIO_PinAFConfig)
    GPIO_ReadInputDataBit                    0x08000691   Thumb Code    14  stm32f4xx_gpio.o(i.GPIO_ReadInputDataBit)
    GPIO_ResetBits                           0x0800069f   Thumb Code     4  stm32f4xx_gpio.o(i.GPIO_ResetBits)
    HCD_GetCurrentFrame                      0x080006a3   Thumb Code     8  usb_hcd.o(i.HCD_GetCurrentFrame)
    HCD_GetCurrentSpeed                      0x080006ab   Thumb Code    12  usb_hcd.o(i.HCD_GetCurrentSpeed)
    HCD_GetURB_State                         0x080006b7   Thumb Code     8  usb_hcd.o(i.HCD_GetURB_State)
    HCD_GetXferCnt                           0x080006bf   Thumb Code    10  usb_hcd.o(i.HCD_GetXferCnt)
    HCD_Init                                 0x080006c9   Thumb Code    86  usb_hcd.o(i.HCD_Init)
    HCD_IsDeviceConnected                    0x0800071f   Thumb Code     6  usb_hcd.o(i.HCD_IsDeviceConnected)
    HCD_ResetPort                            0x08000725   Thumb Code    10  usb_hcd.o(i.HCD_ResetPort)
    HCD_SubmitRequest                        0x0800072f   Thumb Code    20  usb_hcd.o(i.HCD_SubmitRequest)
    HardFault_Handler                        0x08000743   Thumb Code     2  stm32fxxx_it.o(i.HardFault_Handler)
    Key_Config                               0x08000859   Thumb Code    94  stm324xg_eval_key.o(i.Key_Config)
    Key_ReadIOPin                            0x080008c5   Thumb Code   218  stm324xg_eval_key.o(i.Key_ReadIOPin)
    LCD_Clear                                0x080009b1   Thumb Code    40  stm324xg_eval_lcd.o(i.LCD_Clear)
    LCD_ClearLine                            0x080009dd   Thumb Code    44  stm324xg_eval_lcd.o(i.LCD_ClearLine)
    LCD_CtrlLinesConfig                      0x08000a0d   Thumb Code   326  stm324xg_eval_lcd.o(i.LCD_CtrlLinesConfig)
    LCD_DisplayChar                          0x08000b5d   Thumb Code    26  stm324xg_eval_lcd.o(i.LCD_DisplayChar)
    LCD_DisplayStringLine                    0x08000b7d   Thumb Code    52  stm324xg_eval_lcd.o(i.LCD_DisplayStringLine)
    LCD_DrawChar                             0x08000bb5   Thumb Code   136  stm324xg_eval_lcd.o(i.LCD_DrawChar)
    LCD_FSMCConfig                           0x08000c45   Thumb Code    78  stm324xg_eval_lcd.o(i.LCD_FSMCConfig)
    LCD_GetFont                              0x08000c95   Thumb Code     6  stm324xg_eval_lcd.o(i.LCD_GetFont)
    LCD_LOG_ClearTextZone                    0x08000ca1   Thumb Code    38  lcd_log.o(i.LCD_LOG_ClearTextZone)
    LCD_LOG_DeInit                           0x08000cc9   Thumb Code    34  lcd_log.o(i.LCD_LOG_DeInit)
    LCD_LOG_Init                             0x08000cf1   Thumb Code    16  lcd_log.o(i.LCD_LOG_Init)
    LCD_LOG_SetFooter                        0x08000d01   Thumb Code   100  lcd_log.o(i.LCD_LOG_SetFooter)
    LCD_LOG_SetHeader                        0x08000d65   Thumb Code   134  lcd_log.o(i.LCD_LOG_SetHeader)
    LCD_ReadReg                              0x08000e95   Thumb Code    12  stm324xg_eval_lcd.o(i.LCD_ReadReg)
    LCD_SetBackColor                         0x08000ea5   Thumb Code     6  stm324xg_eval_lcd.o(i.LCD_SetBackColor)
    LCD_SetCursor                            0x08000eb1   Thumb Code    24  stm324xg_eval_lcd.o(i.LCD_SetCursor)
    LCD_SetFont                              0x08000ec9   Thumb Code     6  stm324xg_eval_lcd.o(i.LCD_SetFont)
    LCD_SetTextColor                         0x08000ed5   Thumb Code     6  stm324xg_eval_lcd.o(i.LCD_SetTextColor)
    LCD_WriteRAM                             0x08000ee1   Thumb Code     6  stm324xg_eval_lcd.o(i.LCD_WriteRAM)
    LCD_WriteRAM_Prepare                     0x08000eed   Thumb Code    10  stm324xg_eval_lcd.o(i.LCD_WriteRAM_Prepare)
    LCD_WriteReg                             0x08000ef9   Thumb Code    12  stm324xg_eval_lcd.o(i.LCD_WriteReg)
    MemManage_Handler                        0x08000f09   Thumb Code     2  stm32fxxx_it.o(i.MemManage_Handler)
    NMI_Handler                              0x08000f0b   Thumb Code     2  stm32fxxx_it.o(i.NMI_Handler)
    NVIC_Init                                0x08000f0d   Thumb Code    92  misc.o(i.NVIC_Init)
    NVIC_PriorityGroupConfig                 0x08000f71   Thumb Code    10  misc.o(i.NVIC_PriorityGroupConfig)
    NVIC_SetVectorTable                      0x08000f85   Thumb Code    12  misc.o(i.NVIC_SetVectorTable)
    OTG_HS_IRQHandler                        0x08000f99   Thumb Code     6  stm32fxxx_it.o(i.OTG_HS_IRQHandler)
    PendSV_Handler                           0x08000fa5   Thumb Code     2  stm32fxxx_it.o(i.PendSV_Handler)
    RCC_AHB1PeriphClockCmd                   0x08000fa9   Thumb Code    18  stm32f4xx_rcc.o(i.RCC_AHB1PeriphClockCmd)
    RCC_AHB3PeriphClockCmd                   0x08000fc1   Thumb Code    18  stm32f4xx_rcc.o(i.RCC_AHB3PeriphClockCmd)
    RCC_APB1PeriphClockCmd                   0x08000fd9   Thumb Code    18  stm32f4xx_rcc.o(i.RCC_APB1PeriphClockCmd)
    RCC_GetClocksFreq                        0x08000ff1   Thumb Code   138  stm32f4xx_rcc.o(i.RCC_GetClocksFreq)
    STM324xG_LCD_Init                        0x08001089   Thumb Code   656  stm324xg_eval_lcd.o(i.STM324xG_LCD_Init)
    STM_EVAL_LEDToggle                       0x08001321   Thumb Code    20  stm324xg_eval.o(i.STM_EVAL_LEDToggle)
    SVC_Handler                              0x0800133d   Thumb Code     2  stm32fxxx_it.o(i.SVC_Handler)
    SystemInit                               0x08001465   Thumb Code    74  system_stm32f4xx.o(i.SystemInit)
    TIM2_IRQHandler                          0x080014c1   Thumb Code     4  stm32fxxx_it.o(i.TIM2_IRQHandler)
    TIM_ARRPreloadConfig                     0x080014c5   Thumb Code    20  stm32f4xx_tim.o(i.TIM_ARRPreloadConfig)
    TIM_ClearITPendingBit                    0x080014d9   Thumb Code     6  stm32f4xx_tim.o(i.TIM_ClearITPendingBit)
    TIM_Cmd                                  0x080014df   Thumb Code    20  stm32f4xx_tim.o(i.TIM_Cmd)
    TIM_GetITStatus                          0x080014f3   Thumb Code    22  stm32f4xx_tim.o(i.TIM_GetITStatus)
    TIM_ITConfig                             0x08001509   Thumb Code    16  stm32f4xx_tim.o(i.TIM_ITConfig)
    TIM_TimeBaseInit                         0x08001519   Thumb Code   100  stm32f4xx_tim.o(i.TIM_TimeBaseInit)
    USBH_Alloc_Channel                       0x08001599   Thumb Code    52  usbh_hcs.o(i.USBH_Alloc_Channel)
    USBH_BulkReceiveData                     0x080015cd   Thumb Code    40  usbh_ioreq.o(i.USBH_BulkReceiveData)
    USBH_BulkSendData                        0x080015f5   Thumb Code    46  usbh_ioreq.o(i.USBH_BulkSendData)
    USBH_ClrFeature                          0x08001623   Thumb Code    46  usbh_stdreq.o(i.USBH_ClrFeature)
    USBH_Connected                           0x08001651   Thumb Code    10  usbh_core.o(i.USBH_Connected)
    USBH_CtlReceiveData                      0x0800165b   Thumb Code    36  usbh_ioreq.o(i.USBH_CtlReceiveData)
    USBH_CtlReq                              0x0800167f   Thumb Code    70  usbh_ioreq.o(i.USBH_CtlReq)
    USBH_CtlSendData                         0x080016c5   Thumb Code    58  usbh_ioreq.o(i.USBH_CtlSendData)
    USBH_CtlSendSetup                        0x080016ff   Thumb Code    40  usbh_ioreq.o(i.USBH_CtlSendSetup)
    USBH_DeAllocate_AllChannel               0x08001727   Thumb Code    24  usbh_hcs.o(i.USBH_DeAllocate_AllChannel)
    USBH_DeInit                              0x0800173f   Thumb Code    52  usbh_core.o(i.USBH_DeInit)
    USBH_Disconnected                        0x08001773   Thumb Code    10  usbh_core.o(i.USBH_Disconnected)
    USBH_ErrorHandle                         0x0800177d   Thumb Code    44  usbh_core.o(i.USBH_ErrorHandle)
    USBH_Free_Channel                        0x080017a9   Thumb Code    26  usbh_hcs.o(i.USBH_Free_Channel)
    USBH_GetDescriptor                       0x080017c3   Thumb Code    50  usbh_stdreq.o(i.USBH_GetDescriptor)
    USBH_GetNextDesc                         0x080017f5   Thumb Code    14  usbh_stdreq.o(i.USBH_GetNextDesc)
    USBH_Get_CfgDesc                         0x08001805   Thumb Code    84  usbh_stdreq.o(i.USBH_Get_CfgDesc)
    USBH_Get_DevDesc                         0x0800185d   Thumb Code   132  usbh_stdreq.o(i.USBH_Get_DevDesc)
    USBH_Get_StringDesc                      0x080018e1   Thumb Code    74  usbh_stdreq.o(i.USBH_Get_StringDesc)
    USBH_HandleControl                       0x0800192d   Thumb Code   464  usbh_core.o(i.USBH_HandleControl)
    USBH_Init                                0x08001c9d   Thumb Code    74  usbh_core.o(i.USBH_Init)
    USBH_MSC_BOT_Abort                       0x08001ce9   Thumb Code    48  usbh_msc_bot.o(i.USBH_MSC_BOT_Abort)
    USBH_MSC_DecodeCSW                       0x08001d2d   Thumb Code    78  usbh_msc_bot.o(i.USBH_MSC_DecodeCSW)
    USBH_MSC_ErrorHandle                     0x08001d89   Thumb Code    42  usbh_msc_core.o(i.USBH_MSC_ErrorHandle)
    USBH_MSC_HandleBOTXfer                   0x08001f21   Thumb Code   522  usbh_msc_bot.o(i.USBH_MSC_HandleBOTXfer)
    USBH_MSC_Init                            0x08002139   Thumb Code    40  usbh_msc_bot.o(i.USBH_MSC_Init)
    USBH_MSC_ModeSense6                      0x0800224d   Thumb Code   142  usbh_msc_scsi.o(i.USBH_MSC_ModeSense6)
    USBH_MSC_Read10                          0x080022e9   Thumb Code   202  usbh_msc_scsi.o(i.USBH_MSC_Read10)
    USBH_MSC_ReadCapacity10                  0x080023c1   Thumb Code   148  usbh_msc_scsi.o(i.USBH_MSC_ReadCapacity10)
    USBH_MSC_RequestSense                    0x08002461   Thumb Code   146  usbh_msc_scsi.o(i.USBH_MSC_RequestSense)
    USBH_MSC_TestUnitReady                   0x08002501   Thumb Code   116  usbh_msc_scsi.o(i.USBH_MSC_TestUnitReady)
    USBH_MSC_Write10                         0x08002581   Thumb Code   158  usbh_msc_scsi.o(i.USBH_MSC_Write10)
    USBH_Modify_Channel                      0x08002629   Thumb Code    56  usbh_hcs.o(i.USBH_Modify_Channel)
    USBH_OTG_ISR_Handler                     0x08002661   Thumb Code   168  usb_hcd_int.o(i.USBH_OTG_ISR_Handler)
    USBH_Open_Channel                        0x08002709   Thumb Code    82  usbh_hcs.o(i.USBH_Open_Channel)
    USBH_Process                             0x08002897   Thumb Code   374  usbh_core.o(i.USBH_Process)
    USBH_SOF                                 0x08002a0d   Thumb Code     4  usbh_core.o(i.USBH_SOF)
    USBH_SetAddress                          0x08002a11   Thumb Code    24  usbh_stdreq.o(i.USBH_SetAddress)
    USBH_SetCfg                              0x08002a29   Thumb Code    24  usbh_stdreq.o(i.USBH_SetCfg)
    USBH_USR_Configuration_DescAvailable     0x08002a41   Thumb Code    34  usbh_usr.o(i.USBH_USR_Configuration_DescAvailable)
    USBH_USR_DeInit                          0x08002a6d   Thumb Code     8  usbh_usr.o(i.USBH_USR_DeInit)
    USBH_USR_DeviceAddressAssigned           0x08002a79   Thumb Code     2  usbh_usr.o(i.USBH_USR_DeviceAddressAssigned)
    USBH_USR_DeviceAttached                  0x08002a7d   Thumb Code    14  usbh_usr.o(i.USBH_USR_DeviceAttached)
    USBH_USR_DeviceDisconnected              0x08002a95   Thumb Code    50  usbh_usr.o(i.USBH_USR_DeviceDisconnected)
    USBH_USR_DeviceNotSupported              0x08002b01   Thumb Code    30  usbh_usr.o(i.USBH_USR_DeviceNotSupported)
    USBH_USR_DeviceSpeedDetected             0x08002b45   Thumb Code    46  usbh_usr.o(i.USBH_USR_DeviceSpeedDetected)
    USBH_USR_Device_DescAvailable            0x08002b7d   Thumb Code    34  usbh_usr.o(i.USBH_USR_Device_DescAvailable)
    USBH_USR_EnumerationDone                 0x08002bc5   Thumb Code    50  usbh_usr.o(i.USBH_USR_EnumerationDone)
    USBH_USR_Init                            0x08002c51   Thumb Code   126  usbh_usr.o(i.USBH_USR_Init)
    USBH_USR_MSC_Application                 0x08002d75   Thumb Code   444  usbh_usr.o(i.USBH_USR_MSC_Application)
    USBH_USR_Manufacturer_String             0x0800312d   Thumb Code    16  usbh_usr.o(i.USBH_USR_Manufacturer_String)
    USBH_USR_OverCurrentDetected             0x08003155   Thumb Code    30  usbh_usr.o(i.USBH_USR_OverCurrentDetected)
    USBH_USR_Product_String                  0x08003199   Thumb Code    16  usbh_usr.o(i.USBH_USR_Product_String)
    USBH_USR_ResetDevice                     0x080031bd   Thumb Code     2  usbh_usr.o(i.USBH_USR_ResetDevice)
    USBH_USR_SerialNum_String                0x080031c1   Thumb Code    16  usbh_usr.o(i.USBH_USR_SerialNum_String)
    USBH_USR_UnrecoveredError                0x080031e9   Thumb Code    30  usbh_usr.o(i.USBH_USR_UnrecoveredError)
    USBH_USR_UserInput                       0x08003219   Thumb Code    18  usbh_usr.o(i.USBH_USR_UserInput)
    USB_OTG_BSP_ConfigVBUS                   0x0800322b   Thumb Code     2  usb_bsp.o(i.USB_OTG_BSP_ConfigVBUS)
    USB_OTG_BSP_DriveVBUS                    0x0800322d   Thumb Code     2  usb_bsp.o(i.USB_OTG_BSP_DriveVBUS)
    USB_OTG_BSP_EnableInterrupt              0x0800322f   Thumb Code    40  usb_bsp.o(i.USB_OTG_BSP_EnableInterrupt)
    USB_OTG_BSP_Init                         0x08003259   Thumb Code   354  usb_bsp.o(i.USB_OTG_BSP_Init)
    USB_OTG_BSP_TimerIRQ                     0x080033c9   Thumb Code    50  usb_bsp.o(i.USB_OTG_BSP_TimerIRQ)
    USB_OTG_BSP_mDelay                       0x08003401   Thumb Code     6  usb_bsp.o(i.USB_OTG_BSP_mDelay)
    USB_OTG_BSP_uDelay                       0x08003407   Thumb Code     6  usb_bsp.o(i.USB_OTG_BSP_uDelay)
    USB_OTG_CoreInit                         0x0800340d   Thumb Code   132  usb_core.o(i.USB_OTG_CoreInit)
    USB_OTG_CoreInitHost                     0x08003491   Thumb Code   170  usb_core.o(i.USB_OTG_CoreInitHost)
    USB_OTG_DisableGlobalInt                 0x08003595   Thumb Code    16  usb_core.o(i.USB_OTG_DisableGlobalInt)
    USB_OTG_DriveVbus                        0x080035a5   Thumb Code    60  usb_core.o(i.USB_OTG_DriveVbus)
    USB_OTG_EnableGlobalInt                  0x080035e1   Thumb Code    16  usb_core.o(i.USB_OTG_EnableGlobalInt)
    USB_OTG_EnableHostInt                    0x080035f1   Thumb Code    66  usb_core.o(i.USB_OTG_EnableHostInt)
    USB_OTG_FlushRxFifo                      0x08003639   Thumb Code    54  usb_core.o(i.USB_OTG_FlushRxFifo)
    USB_OTG_FlushTxFifo                      0x08003675   Thumb Code    62  usb_core.o(i.USB_OTG_FlushTxFifo)
    USB_OTG_HC_DoPing                        0x080036b9   Thumb Code    42  usb_core.o(i.USB_OTG_HC_DoPing)
    USB_OTG_HC_Halt                          0x080036e3   Thumb Code    60  usb_core.o(i.USB_OTG_HC_Halt)
    USB_OTG_HC_Init                          0x08003721   Thumb Code   230  usb_core.o(i.USB_OTG_HC_Init)
    USB_OTG_HC_StartXfer                     0x08003807   Thumb Code   258  usb_core.o(i.USB_OTG_HC_StartXfer)
    USB_OTG_InitFSLSPClkSel                  0x08003909   Thumb Code    12  usb_core.o(i.USB_OTG_InitFSLSPClkSel)
    USB_OTG_IsEvenFrame                      0x08003915   Thumb Code    12  usb_core.o(i.USB_OTG_IsEvenFrame)
    USB_OTG_IsHostMode                       0x08003921   Thumb Code    16  usb_core.o(i.USB_OTG_IsHostMode)
    USB_OTG_ReadCoreItr                      0x08003931   Thumb Code    10  usb_core.o(i.USB_OTG_ReadCoreItr)
    USB_OTG_ReadHPRT0                        0x0800393b   Thumb Code    12  usb_core.o(i.USB_OTG_ReadHPRT0)
    USB_OTG_ReadHostAllChannels_intr         0x08003947   Thumb Code     6  usb_core.o(i.USB_OTG_ReadHostAllChannels_intr)
    USB_OTG_ReadPacket                       0x0800394d   Thumb Code    32  usb_core.o(i.USB_OTG_ReadPacket)
    USB_OTG_ResetPort                        0x0800396d   Thumb Code    42  usb_core.o(i.USB_OTG_ResetPort)
    USB_OTG_SelectCore                       0x08003999   Thumb Code   196  usb_core.o(i.USB_OTG_SelectCore)
    USB_OTG_SetCurrentMode                   0x08003a61   Thumb Code    42  usb_core.o(i.USB_OTG_SetCurrentMode)
    USB_OTG_WritePacket                      0x0800482d   Thumb Code    40  usb_core.o(i.USB_OTG_WritePacket)
    UsageFault_Handler                       0x08004855   Thumb Code     2  stm32fxxx_it.o(i.UsageFault_Handler)
    __0printf$8                              0x08004859   Thumb Code    22  printf8.o(i.__0printf$8)
    __1printf$8                              0x08004859   Thumb Code     0  printf8.o(i.__0printf$8)
    __2printf                                0x08004859   Thumb Code     0  printf8.o(i.__0printf$8)
    __scatterload_copy                       0x08004879   Thumb Code    14  handlers.o(i.__scatterload_copy)
    __scatterload_null                       0x08004887   Thumb Code     2  handlers.o(i.__scatterload_null)
    __scatterload_zeroinit                   0x08004889   Thumb Code    14  handlers.o(i.__scatterload_zeroinit)
    chk_mounted                              0x08004d6d   Thumb Code   452  ff.o(i.chk_mounted)
    clust2sect                               0x08004f3d   Thumb Code    24  ff.o(i.clust2sect)
    delay_ms                                 0x080050e9   Thumb Code    28  stm324xg_eval_lcd.o(i.delay_ms)
    disk_initialize                          0x0800531d   Thumb Code    24  usbh_msc_fatfs.o(i.disk_initialize)
    disk_ioctl                               0x0800533d   Thumb Code    56  usbh_msc_fatfs.o(i.disk_ioctl)
    disk_read                                0x0800537d   Thumb Code    86  usbh_msc_fatfs.o(i.disk_read)
    disk_status                              0x080053e1   Thumb Code    12  usbh_msc_fatfs.o(i.disk_status)
    disk_write                               0x080053f1   Thumb Code    96  usbh_msc_fatfs.o(i.disk_write)
    f_close                                  0x0800545d   Thumb Code    18  ff.o(i.f_close)
    f_lseek                                  0x0800546f   Thumb Code   320  ff.o(i.f_lseek)
    f_mount                                  0x080055b1   Thumb Code    34  ff.o(i.f_mount)
    f_open                                   0x080055d9   Thumb Code   328  ff.o(i.f_open)
    f_opendir                                0x08005721   Thumb Code    78  ff.o(i.f_opendir)
    f_read                                   0x0800576f   Thumb Code   348  ff.o(i.f_read)
    f_readdir                                0x080058cb   Thumb Code    80  ff.o(i.f_readdir)
    f_sync                                   0x0800591b   Thumb Code   164  ff.o(i.f_sync)
    f_write                                  0x080059bf   Thumb Code   406  ff.o(i.f_write)
    fputc                                    0x08005c19   Thumb Code   232  lcd_log.o(i.fputc)
    get_fat                                  0x08005d09   Thumb Code   180  ff.o(i.get_fat)
    get_fattime                              0x08005dbd   Thumb Code     4  fattime.o(i.get_fattime)
    main                                     0x08005e31   Thumb Code    72  main.o(i.main)
    put_fat                                  0x08005f0f   Thumb Code   242  ff.o(i.put_fat)
    MSG_DEV_ATTACHED                         0x0800613a   Data          20  usbh_usr.o(.constdata)
    MSG_DEV_DISCONNECTED                     0x0800614e   Data          23  usbh_usr.o(.constdata)
    MSG_DEV_ENUMERATED                       0x08006165   Data          26  usbh_usr.o(.constdata)
    MSG_DEV_HIGHSPEED                        0x0800617f   Data          30  usbh_usr.o(.constdata)
    MSG_DEV_FULLSPEED                        0x0800619d   Data          30  usbh_usr.o(.constdata)
    MSG_DEV_LOWSPEED                         0x080061bb   Data          29  usbh_usr.o(.constdata)
    MSG_DEV_ERROR                            0x080061d8   Data          17  usbh_usr.o(.constdata)
    MSG_MSC_CLASS                            0x080061e9   Data          33  usbh_usr.o(.constdata)
    MSG_HID_CLASS                            0x0800620a   Data          24  usbh_usr.o(.constdata)
    MSG_ROOT_CONT                            0x08006222   Data          28  usbh_usr.o(.constdata)
    MSG_WR_PROTECT                           0x0800623e   Data          31  usbh_usr.o(.constdata)
    MSG_UNREC_ERROR                          0x0800625d   Data          27  usbh_usr.o(.constdata)
    ASCII16x24_Table                         0x0800633a   Data        4560  stm324xg_eval_lcd.o(.constdata)
    ASCII12x12_Table                         0x0800750a   Data        2304  stm324xg_eval_lcd.o(.constdata)
    ASCII8x12_Table                          0x08007e0a   Data        2304  stm324xg_eval_lcd.o(.constdata)
    COM_TX_PIN                               0x0800870c   Data           2  stm324xg_eval.o(.constdata)
    COM_RX_PIN                               0x0800870e   Data           2  stm324xg_eval.o(.constdata)
    COM_TX_PIN_SOURCE                        0x08008710   Data           2  stm324xg_eval.o(.constdata)
    COM_RX_PIN_SOURCE                        0x08008712   Data           2  stm324xg_eval.o(.constdata)
    COM_TX_AF                                0x08008714   Data           2  stm324xg_eval.o(.constdata)
    COM_RX_AF                                0x08008716   Data           2  stm324xg_eval.o(.constdata)
    COM_USART_CLK                            0x08008718   Data           4  stm324xg_eval.o(.constdata)
    COM_TX_PORT_CLK                          0x0800871c   Data           4  stm324xg_eval.o(.constdata)
    COM_RX_PORT_CLK                          0x08008720   Data           4  stm324xg_eval.o(.constdata)
    BUTTON_PIN                               0x08008724   Data           6  stm324xg_eval.o(.constdata)
    BUTTON_EXTI_LINE                         0x0800872a   Data           6  stm324xg_eval.o(.constdata)
    BUTTON_PORT_SOURCE                       0x08008730   Data           6  stm324xg_eval.o(.constdata)
    BUTTON_PIN_SOURCE                        0x08008736   Data           6  stm324xg_eval.o(.constdata)
    BUTTON_IRQn                              0x0800873c   Data           6  stm324xg_eval.o(.constdata)
    GPIO_PIN                                 0x08008742   Data           8  stm324xg_eval.o(.constdata)
    GPIO_CLK                                 0x0800874c   Data          16  stm324xg_eval.o(.constdata)
    BUTTON_CLK                               0x0800875c   Data          12  stm324xg_eval.o(.constdata)
    Region$$Table$$Base                      0x08008768   Number         0  anon$$obj.o(Region$$Table)
    Region$$Table$$Limit                     0x08008788   Number         0  anon$$obj.o(Region$$Table)
    BSP_delay                                0x20000000   Data           4  usb_bsp.o(.data)
    USBH_USR_ApplicationState                0x20000004   Data           1  usbh_usr.o(.data)
    line_idx                                 0x20000005   Data           1  usbh_usr.o(.data)
    USR_cb                                   0x20000008   Data          72  usbh_usr.o(.data)
    USBH_HCD_INT_cb                          0x20000054   Data          12  usbh_core.o(.data)
    USBH_HCD_INT_fops                        0x20000060   Data           4  usbh_core.o(.data)
    MSCErrorCount                            0x2000007c   Data           1  usbh_msc_core.o(.data)
    USBH_MSC_cb                              0x20000080   Data          16  usbh_msc_core.o(.data)
    LCD_CacheBuffer_yptr_invert              0x200000a0   Data           1  lcd_log.o(.data)
    LCD_ScrollActive                         0x200000a1   Data           1  lcd_log.o(.data)
    LCD_Lock                                 0x200000a2   Data           1  lcd_log.o(.data)
    LCD_Scrolled                             0x200000a3   Data           1  lcd_log.o(.data)
    LCD_LineColor                            0x200000a4   Data           2  lcd_log.o(.data)
    LCD_CacheBuffer_xptr                     0x200000a6   Data           2  lcd_log.o(.data)
    LCD_CacheBuffer_yptr_top                 0x200000a8   Data           2  lcd_log.o(.data)
    LCD_CacheBuffer_yptr_bottom              0x200000aa   Data           2  lcd_log.o(.data)
    LCD_CacheBuffer_yptr_top_bak             0x200000ac   Data           2  lcd_log.o(.data)
    LCD_CacheBuffer_yptr_bottom_bak          0x200000ae   Data           2  lcd_log.o(.data)
    LCD_ScrollBackStep                       0x200000b0   Data           2  lcd_log.o(.data)
    TextColor                                0x200000c4   Data           2  stm324xg_eval_lcd.o(.data)
    BackColor                                0x200000c6   Data           2  stm324xg_eval_lcd.o(.data)
    lcdid                                    0x200000c8   Data           4  stm324xg_eval_lcd.o(.data)
    Font16x24                                0x200000d0   Data           8  stm324xg_eval_lcd.o(.data)
    Font12x12                                0x200000d8   Data           8  stm324xg_eval_lcd.o(.data)
    Font8x12                                 0x200000e0   Data           8  stm324xg_eval_lcd.o(.data)
    COM_USART                                0x200000e8   Data           4  stm324xg_eval.o(.data)
    COM_TX_PORT                              0x200000ec   Data           4  stm324xg_eval.o(.data)
    COM_RX_PORT                              0x200000f0   Data           4  stm324xg_eval.o(.data)
    NVIC_InitStructure                       0x200000f4   Data           4  stm324xg_eval.o(.data)
    GPIO_PORT                                0x200000f8   Data          16  stm324xg_eval.o(.data)
    BUTTON_PORT                              0x20000108   Data          12  stm324xg_eval.o(.data)
    keydone                                  0x20000114   Data           1  stm324xg_eval_key.o(.data)
    __stdout                                 0x20000118   Data           4  stdout.o(.data)
    USB_OTG_Core                             0x2000011c   Data        1452  main.o(.bss)
    USB_Host                                 0x200006c8   Data         132  main.o(.bss)
    fatfs                                    0x2000074c   Data         560  usbh_usr.o(.bss)
    file                                     0x2000097c   Data         548  usbh_usr.o(.bss)
    Image_Buf                                0x20000ba0   Data         720  usbh_usr.o(.bss)
    USBH_CfgDesc                             0x20000e70   Data         512  usbh_stdreq.o(.bss)
    USBH_MSC_Param                           0x20001070   Data          16  usbh_msc_scsi.o(.bss)
    USBH_DataInBuffer                        0x20001080   Data         512  usbh_msc_scsi.o(.bss)
    USBH_MSC_CBWData                         0x20001280   Data          32  usbh_msc_bot.o(.bss)
    USBH_MSC_CSWData                         0x200012a0   Data          16  usbh_msc_bot.o(.bss)
    USBH_MSC_BOTXferParam                    0x200012b0   Data          16  usbh_msc_bot.o(.bss)
    MSC_Machine                              0x200012c0   Data         522  usbh_msc_core.o(.bss)
    LCD_CacheBuffer                          0x200014ca   Data         624  lcd_log.o(.bss)
    __initial_sp                             0x20001b40   Data           0  startup_stm32f4xx.o(STACK)



==============================================================================

Memory Map of the image

  Image Entry point : 0x08000189

  Load Region LR_IROM1 (Base: 0x08000000, Size: 0x000088a4, Max: 0x00100000, ABSOLUTE)

    Execution Region ER_IROM1 (Base: 0x08000000, Size: 0x00008788, Max: 0x00100000, ABSOLUTE)

    Base Addr    Size         Type   Attr      Idx    E Section Name        Object

    0x08000000   0x00000188   Data   RO         1740    RESET               startup_stm32f4xx.o
    0x08000188   0x00000000   Code   RO         4690  * .ARM.Collect$$$$00000000  mc_w.l(entry.o)
    0x08000188   0x00000004   Code   RO         4972    .ARM.Collect$$$$00000001  mc_w.l(entry2.o)
    0x0800018c   0x00000004   Code   RO         4975    .ARM.Collect$$$$00000004  mc_w.l(entry5.o)
    0x08000190   0x00000000   Code   RO         4977    .ARM.Collect$$$$00000008  mc_w.l(entry7b.o)
    0x08000190   0x00000008   Code   RO         4978    .ARM.Collect$$$$00000009  mc_w.l(entry8.o)
    0x08000198   0x00000004   Code   RO         4973    .ARM.Collect$$$$00002712  mc_w.l(entry2.o)
    0x0800019c   0x00000024   Code   RO         1741    .text               startup_stm32f4xx.o
    0x080001c0   0x00000024   Code   RO         4693    .text               mc_w.l(memcpya.o)
    0x080001e4   0x0000001c   Code   RO         4695    .text               mc_w.l(strcat.o)
    0x08000200   0x0000002c   Code   RO         4697    .text               mc_w.l(strstr.o)
    0x0800022c   0x00000012   Code   RO         4699    .text               mc_w.l(strcpy.o)
    0x0800023e   0x00000062   Code   RO         4982    .text               mc_w.l(uldiv.o)
    0x080002a0   0x00000024   Code   RO         4995    .text               mc_w.l(init.o)
    0x080002c4   0x0000001e   Code   RO         4997    .text               mc_w.l(llshl.o)
    0x080002e2   0x00000020   Code   RO         4999    .text               mc_w.l(llushr.o)
    0x08000302   0x00000002   PAD
    0x08000304   0x00000024   Code   RO          238    i.BSP_Delay         usb_bsp.o
    0x08000328   0x0000006a   Code   RO          239    i.BSP_SetTime       usb_bsp.o
    0x08000392   0x00000002   Code   RO            3    i.BusFault_Handler  stm32fxxx_it.o
    0x08000394   0x00000002   Code   RO            4    i.DebugMon_Handler  stm32fxxx_it.o
    0x08000396   0x00000002   PAD
    0x08000398   0x0000017c   Code   RO          373    i.Explore_Disk      usbh_usr.o
    0x08000514   0x00000020   Code   RO         3322    i.FSMC_NORSRAMCmd   stm32f4xx_fsmc.o
    0x08000534   0x000000c0   Code   RO         3324    i.FSMC_NORSRAMInit  stm32f4xx_fsmc.o
    0x080005f4   0x0000007c   Code   RO         3440    i.GPIO_Init         stm32f4xx_gpio.o
    0x08000670   0x00000020   Code   RO         3441    i.GPIO_PinAFConfig  stm32f4xx_gpio.o
    0x08000690   0x0000000e   Code   RO         3444    i.GPIO_ReadInputDataBit  stm32f4xx_gpio.o
    0x0800069e   0x00000004   Code   RO         3447    i.GPIO_ResetBits    stm32f4xx_gpio.o
    0x080006a2   0x00000008   Code   RO         1124    i.HCD_GetCurrentFrame  usb_hcd.o
    0x080006aa   0x0000000c   Code   RO         1125    i.HCD_GetCurrentSpeed  usb_hcd.o
    0x080006b6   0x00000008   Code   RO         1127    i.HCD_GetURB_State  usb_hcd.o
    0x080006be   0x0000000a   Code   RO         1128    i.HCD_GetXferCnt    usb_hcd.o
    0x080006c8   0x00000056   Code   RO         1130    i.HCD_Init          usb_hcd.o
    0x0800071e   0x00000006   Code   RO         1131    i.HCD_IsDeviceConnected  usb_hcd.o
    0x08000724   0x0000000a   Code   RO         1132    i.HCD_ResetPort     usb_hcd.o
    0x0800072e   0x00000014   Code   RO         1133    i.HCD_SubmitRequest  usb_hcd.o
    0x08000742   0x00000002   Code   RO            5    i.HardFault_Handler  stm32fxxx_it.o
    0x08000744   0x00000114   Code   RO          374    i.Image_Browser     usbh_usr.o
    0x08000858   0x0000006c   Code   RO         4657    i.Key_Config        stm324xg_eval_key.o
    0x080008c4   0x000000ec   Code   RO         4658    i.Key_ReadIOPin     stm324xg_eval_key.o
    0x080009b0   0x0000002c   Code   RO         4318    i.LCD_Clear         stm324xg_eval_lcd.o
    0x080009dc   0x00000030   Code   RO         4319    i.LCD_ClearLine     stm324xg_eval_lcd.o
    0x08000a0c   0x00000150   Code   RO         4322    i.LCD_CtrlLinesConfig  stm324xg_eval_lcd.o
    0x08000b5c   0x00000020   Code   RO         4323    i.LCD_DisplayChar   stm324xg_eval_lcd.o
    0x08000b7c   0x00000038   Code   RO         4324    i.LCD_DisplayStringLine  stm324xg_eval_lcd.o
    0x08000bb4   0x00000090   Code   RO         4325    i.LCD_DrawChar      stm324xg_eval_lcd.o
    0x08000c44   0x0000004e   Code   RO         4333    i.LCD_FSMCConfig    stm324xg_eval_lcd.o
    0x08000c92   0x00000002   PAD
    0x08000c94   0x0000000c   Code   RO         4336    i.LCD_GetFont       stm324xg_eval_lcd.o
    0x08000ca0   0x00000026   Code   RO         1678    i.LCD_LOG_ClearTextZone  lcd_log.o
    0x08000cc6   0x00000002   PAD
    0x08000cc8   0x00000028   Code   RO         1679    i.LCD_LOG_DeInit    lcd_log.o
    0x08000cf0   0x00000010   Code   RO         1680    i.LCD_LOG_Init      lcd_log.o
    0x08000d00   0x00000064   Code   RO         1681    i.LCD_LOG_SetFooter  lcd_log.o
    0x08000d64   0x00000090   Code   RO         1682    i.LCD_LOG_SetHeader  lcd_log.o
    0x08000df4   0x000000a0   Code   RO         1683    i.LCD_LOG_UpdateDisplay  lcd_log.o
    0x08000e94   0x00000010   Code   RO         4341    i.LCD_ReadReg       stm324xg_eval_lcd.o
    0x08000ea4   0x0000000c   Code   RO         4342    i.LCD_SetBackColor  stm324xg_eval_lcd.o
    0x08000eb0   0x00000018   Code   RO         4344    i.LCD_SetCursor     stm324xg_eval_lcd.o
    0x08000ec8   0x0000000c   Code   RO         4345    i.LCD_SetFont       stm324xg_eval_lcd.o
    0x08000ed4   0x0000000c   Code   RO         4346    i.LCD_SetTextColor  stm324xg_eval_lcd.o
    0x08000ee0   0x0000000c   Code   RO         4348    i.LCD_WriteRAM      stm324xg_eval_lcd.o
    0x08000eec   0x0000000a   Code   RO         4349    i.LCD_WriteRAM_Prepare  stm324xg_eval_lcd.o
    0x08000ef6   0x00000002   PAD
    0x08000ef8   0x00000010   Code   RO         4350    i.LCD_WriteReg      stm324xg_eval_lcd.o
    0x08000f08   0x00000002   Code   RO            6    i.MemManage_Handler  stm32fxxx_it.o
    0x08000f0a   0x00000002   Code   RO            7    i.NMI_Handler       stm32fxxx_it.o
    0x08000f0c   0x00000064   Code   RO          556    i.NVIC_Init         misc.o
    0x08000f70   0x00000014   Code   RO          557    i.NVIC_PriorityGroupConfig  misc.o
    0x08000f84   0x00000014   Code   RO          558    i.NVIC_SetVectorTable  misc.o
    0x08000f98   0x0000000c   Code   RO            8    i.OTG_HS_IRQHandler  stm32fxxx_it.o
    0x08000fa4   0x00000002   Code   RO            9    i.PendSV_Handler    stm32fxxx_it.o
    0x08000fa6   0x00000002   PAD
    0x08000fa8   0x00000018   Code   RO         3835    i.RCC_AHB1PeriphClockCmd  stm32f4xx_rcc.o
    0x08000fc0   0x00000018   Code   RO         3841    i.RCC_AHB3PeriphClockCmd  stm32f4xx_rcc.o
    0x08000fd8   0x00000018   Code   RO         3844    i.RCC_APB1PeriphClockCmd  stm32f4xx_rcc.o
    0x08000ff0   0x00000098   Code   RO         3856    i.RCC_GetClocksFreq  stm32f4xx_rcc.o
    0x08001088   0x00000298   Code   RO         4352    i.STM324xG_LCD_Init  stm324xg_eval_lcd.o
    0x08001320   0x0000001c   Code   RO         4562    i.STM_EVAL_LEDToggle  stm324xg_eval.o
    0x0800133c   0x00000002   Code   RO           10    i.SVC_Handler       stm32fxxx_it.o
    0x0800133e   0x00000002   PAD
    0x08001340   0x0000009c   Code   RO         1747    i.SetSysClock       system_stm32f4xx.o
    0x080013dc   0x00000088   Code   RO          375    i.Show_Image        usbh_usr.o
    0x08001464   0x0000005c   Code   RO         1749    i.SystemInit        system_stm32f4xx.o
    0x080014c0   0x00000004   Code   RO           11    i.TIM2_IRQHandler   stm32fxxx_it.o
    0x080014c4   0x00000014   Code   RO         2194    i.TIM_ARRPreloadConfig  stm32f4xx_tim.o
    0x080014d8   0x00000006   Code   RO         2201    i.TIM_ClearITPendingBit  stm32f4xx_tim.o
    0x080014de   0x00000014   Code   RO         2206    i.TIM_Cmd           stm32f4xx_tim.o
    0x080014f2   0x00000016   Code   RO         2227    i.TIM_GetITStatus   stm32f4xx_tim.o
    0x08001508   0x00000010   Code   RO         2231    i.TIM_ITConfig      stm32f4xx_tim.o
    0x08001518   0x00000080   Code   RO         2278    i.TIM_TimeBaseInit  stm32f4xx_tim.o
    0x08001598   0x00000034   Code   RO          760    i.USBH_Alloc_Channel  usbh_hcs.o
    0x080015cc   0x00000028   Code   RO          804    i.USBH_BulkReceiveData  usbh_ioreq.o
    0x080015f4   0x0000002e   Code   RO          805    i.USBH_BulkSendData  usbh_ioreq.o
    0x08001622   0x0000002e   Code   RO          600    i.USBH_ClrFeature   usbh_stdreq.o
    0x08001650   0x0000000a   Code   RO          685    i.USBH_Connected    usbh_core.o
    0x0800165a   0x00000024   Code   RO          806    i.USBH_CtlReceiveData  usbh_ioreq.o
    0x0800167e   0x00000046   Code   RO          807    i.USBH_CtlReq       usbh_ioreq.o
    0x080016c4   0x0000003a   Code   RO          808    i.USBH_CtlSendData  usbh_ioreq.o
    0x080016fe   0x00000028   Code   RO          809    i.USBH_CtlSendSetup  usbh_ioreq.o
    0x08001726   0x00000018   Code   RO          761    i.USBH_DeAllocate_AllChannel  usbh_hcs.o
    0x0800173e   0x00000034   Code   RO          686    i.USBH_DeInit       usbh_core.o
    0x08001772   0x0000000a   Code   RO          687    i.USBH_Disconnected  usbh_core.o
    0x0800177c   0x0000002c   Code   RO          688    i.USBH_ErrorHandle  usbh_core.o
    0x080017a8   0x0000001a   Code   RO          762    i.USBH_Free_Channel  usbh_hcs.o
    0x080017c2   0x00000032   Code   RO          601    i.USBH_GetDescriptor  usbh_stdreq.o
    0x080017f4   0x0000000e   Code   RO          602    i.USBH_GetNextDesc  usbh_stdreq.o
    0x08001802   0x00000002   PAD
    0x08001804   0x00000058   Code   RO          603    i.USBH_Get_CfgDesc  usbh_stdreq.o
    0x0800185c   0x00000084   Code   RO          604    i.USBH_Get_DevDesc  usbh_stdreq.o
    0x080018e0   0x0000004a   Code   RO          605    i.USBH_Get_StringDesc  usbh_stdreq.o
    0x0800192a   0x00000002   PAD
    0x0800192c   0x000001d4   Code   RO          689    i.USBH_HandleControl  usbh_core.o
    0x08001b00   0x0000019c   Code   RO          690    i.USBH_HandleEnum   usbh_core.o
    0x08001c9c   0x0000004a   Code   RO          691    i.USBH_Init         usbh_core.o
    0x08001ce6   0x00000002   PAD
    0x08001ce8   0x00000038   Code   RO         1256    i.USBH_MSC_BOT_Abort  usbh_msc_bot.o
    0x08001d20   0x0000000c   Code   RO         1301    i.USBH_MSC_ClassRequest  usbh_msc_core.o
    0x08001d2c   0x0000005c   Code   RO         1257    i.USBH_MSC_DecodeCSW  usbh_msc_bot.o
    0x08001d88   0x00000034   Code   RO         1302    i.USBH_MSC_ErrorHandle  usbh_msc_core.o
    0x08001dbc   0x00000164   Code   RO         1303    i.USBH_MSC_Handle   usbh_msc_core.o
    0x08001f20   0x00000218   Code   RO         1258    i.USBH_MSC_HandleBOTXfer  usbh_msc_bot.o
    0x08002138   0x0000003c   Code   RO         1259    i.USBH_MSC_Init     usbh_msc_bot.o
    0x08002174   0x00000038   Code   RO         1304    i.USBH_MSC_InterfaceDeInit  usbh_msc_core.o
    0x080021ac   0x000000a0   Code   RO         1305    i.USBH_MSC_InterfaceInit  usbh_msc_core.o
    0x0800224c   0x0000009c   Code   RO         1198    i.USBH_MSC_ModeSense6  usbh_msc_scsi.o
    0x080022e8   0x000000d8   Code   RO         1199    i.USBH_MSC_Read10   usbh_msc_scsi.o
    0x080023c0   0x000000a0   Code   RO         1200    i.USBH_MSC_ReadCapacity10  usbh_msc_scsi.o
    0x08002460   0x000000a0   Code   RO         1201    i.USBH_MSC_RequestSense  usbh_msc_scsi.o
    0x08002500   0x00000080   Code   RO         1202    i.USBH_MSC_TestUnitReady  usbh_msc_scsi.o
    0x08002580   0x000000a8   Code   RO         1203    i.USBH_MSC_Write10  usbh_msc_scsi.o
    0x08002628   0x00000038   Code   RO          763    i.USBH_Modify_Channel  usbh_hcs.o
    0x08002660   0x000000a8   Code   RO          878    i.USBH_OTG_ISR_Handler  usb_hcd_int.o
    0x08002708   0x00000052   Code   RO          764    i.USBH_Open_Channel  usbh_hcs.o
    0x0800275a   0x00000002   PAD
    0x0800275c   0x00000114   Code   RO          606    i.USBH_ParseCfgDesc  usbh_stdreq.o
    0x08002870   0x00000026   Code   RO          607    i.USBH_ParseInterfaceDesc  usbh_stdreq.o
    0x08002896   0x00000176   Code   RO          692    i.USBH_Process      usbh_core.o
    0x08002a0c   0x00000004   Code   RO          693    i.USBH_SOF          usbh_core.o
    0x08002a10   0x00000018   Code   RO          608    i.USBH_SetAddress   usbh_stdreq.o
    0x08002a28   0x00000018   Code   RO          609    i.USBH_SetCfg       usbh_stdreq.o
    0x08002a40   0x0000002c   Code   RO          376    i.USBH_USR_Configuration_DescAvailable  usbh_usr.o
    0x08002a6c   0x0000000c   Code   RO          377    i.USBH_USR_DeInit   usbh_usr.o
    0x08002a78   0x00000002   Code   RO          378    i.USBH_USR_DeviceAddressAssigned  usbh_usr.o
    0x08002a7a   0x00000002   PAD
    0x08002a7c   0x00000018   Code   RO          379    i.USBH_USR_DeviceAttached  usbh_usr.o
    0x08002a94   0x0000006c   Code   RO          380    i.USBH_USR_DeviceDisconnected  usbh_usr.o
    0x08002b00   0x00000044   Code   RO          381    i.USBH_USR_DeviceNotSupported  usbh_usr.o
    0x08002b44   0x00000038   Code   RO          382    i.USBH_USR_DeviceSpeedDetected  usbh_usr.o
    0x08002b7c   0x00000048   Code   RO          383    i.USBH_USR_Device_DescAvailable  usbh_usr.o
    0x08002bc4   0x0000008c   Code   RO          384    i.USBH_USR_EnumerationDone  usbh_usr.o
    0x08002c50   0x00000124   Code   RO          385    i.USBH_USR_Init     usbh_usr.o
    0x08002d74   0x000003b8   Code   RO          386    i.USBH_USR_MSC_Application  usbh_usr.o
    0x0800312c   0x00000028   Code   RO          387    i.USBH_USR_Manufacturer_String  usbh_usr.o
    0x08003154   0x00000044   Code   RO          388    i.USBH_USR_OverCurrentDetected  usbh_usr.o
    0x08003198   0x00000024   Code   RO          389    i.USBH_USR_Product_String  usbh_usr.o
    0x080031bc   0x00000002   Code   RO          390    i.USBH_USR_ResetDevice  usbh_usr.o
    0x080031be   0x00000002   PAD
    0x080031c0   0x00000028   Code   RO          391    i.USBH_USR_SerialNum_String  usbh_usr.o
    0x080031e8   0x00000030   Code   RO          392    i.USBH_USR_UnrecoveredError  usbh_usr.o
    0x08003218   0x00000012   Code   RO          393    i.USBH_USR_UserInput  usbh_usr.o
    0x0800322a   0x00000002   Code   RO          240    i.USB_OTG_BSP_ConfigVBUS  usb_bsp.o
    0x0800322c   0x00000002   Code   RO          241    i.USB_OTG_BSP_DriveVBUS  usb_bsp.o
    0x0800322e   0x00000028   Code   RO          242    i.USB_OTG_BSP_EnableInterrupt  usb_bsp.o
    0x08003256   0x00000002   PAD
    0x08003258   0x00000170   Code   RO          243    i.USB_OTG_BSP_Init  usb_bsp.o
    0x080033c8   0x00000038   Code   RO          244    i.USB_OTG_BSP_TimerIRQ  usb_bsp.o
    0x08003400   0x00000006   Code   RO          245    i.USB_OTG_BSP_mDelay  usb_bsp.o
    0x08003406   0x00000006   Code   RO          246    i.USB_OTG_BSP_uDelay  usb_bsp.o
    0x0800340c   0x00000084   Code   RO          948    i.USB_OTG_CoreInit  usb_core.o
    0x08003490   0x000000aa   Code   RO          949    i.USB_OTG_CoreInitHost  usb_core.o
    0x0800353a   0x00000002   PAD
    0x0800353c   0x00000058   Code   RO          950    i.USB_OTG_CoreReset  usb_core.o
    0x08003594   0x00000010   Code   RO          951    i.USB_OTG_DisableGlobalInt  usb_core.o
    0x080035a4   0x0000003c   Code   RO          952    i.USB_OTG_DriveVbus  usb_core.o
    0x080035e0   0x00000010   Code   RO          953    i.USB_OTG_EnableGlobalInt  usb_core.o
    0x080035f0   0x00000048   Code   RO          954    i.USB_OTG_EnableHostInt  usb_core.o
    0x08003638   0x0000003c   Code   RO          955    i.USB_OTG_FlushRxFifo  usb_core.o
    0x08003674   0x00000044   Code   RO          956    i.USB_OTG_FlushTxFifo  usb_core.o
    0x080036b8   0x0000002a   Code   RO          958    i.USB_OTG_HC_DoPing  usb_core.o
    0x080036e2   0x0000003c   Code   RO          959    i.USB_OTG_HC_Halt   usb_core.o
    0x0800371e   0x00000002   PAD
    0x08003720   0x000000e6   Code   RO          960    i.USB_OTG_HC_Init   usb_core.o
    0x08003806   0x00000102   Code   RO          961    i.USB_OTG_HC_StartXfer  usb_core.o
    0x08003908   0x0000000c   Code   RO          962    i.USB_OTG_InitFSLSPClkSel  usb_core.o
    0x08003914   0x0000000c   Code   RO          964    i.USB_OTG_IsEvenFrame  usb_core.o
    0x08003920   0x00000010   Code   RO          965    i.USB_OTG_IsHostMode  usb_core.o
    0x08003930   0x0000000a   Code   RO          966    i.USB_OTG_ReadCoreItr  usb_core.o
    0x0800393a   0x0000000c   Code   RO          967    i.USB_OTG_ReadHPRT0  usb_core.o
    0x08003946   0x00000006   Code   RO          968    i.USB_OTG_ReadHostAllChannels_intr  usb_core.o
    0x0800394c   0x00000020   Code   RO          970    i.USB_OTG_ReadPacket  usb_core.o
    0x0800396c   0x0000002a   Code   RO          971    i.USB_OTG_ResetPort  usb_core.o
    0x08003996   0x00000002   PAD
    0x08003998   0x000000c8   Code   RO          972    i.USB_OTG_SelectCore  usb_core.o
    0x08003a60   0x0000002a   Code   RO          973    i.USB_OTG_SetCurrentMode  usb_core.o
    0x08003a8a   0x00000002   PAD
    0x08003a8c   0x0000002c   Code   RO          879    i.USB_OTG_USBH_handle_Disconnect_ISR  usb_hcd_int.o
    0x08003ab8   0x00000046   Code   RO          880    i.USB_OTG_USBH_handle_IncompletePeriodicXfer_ISR  usb_hcd_int.o
    0x08003afe   0x00000056   Code   RO          881    i.USB_OTG_USBH_handle_hc_ISR  usb_hcd_int.o
    0x08003b54   0x0000042a   Code   RO          882    i.USB_OTG_USBH_handle_hc_n_In_ISR  usb_hcd_int.o
    0x08003f7e   0x000003d0   Code   RO          883    i.USB_OTG_USBH_handle_hc_n_Out_ISR  usb_hcd_int.o
    0x0800434e   0x0000012a   Code   RO          884    i.USB_OTG_USBH_handle_nptxfempty_ISR  usb_hcd_int.o
    0x08004478   0x00000120   Code   RO          885    i.USB_OTG_USBH_handle_port_ISR  usb_hcd_int.o
    0x08004598   0x0000012a   Code   RO          886    i.USB_OTG_USBH_handle_ptxfempty_ISR  usb_hcd_int.o
    0x080046c2   0x0000013e   Code   RO          887    i.USB_OTG_USBH_handle_rx_qlvl_ISR  usb_hcd_int.o
    0x08004800   0x0000002c   Code   RO          888    i.USB_OTG_USBH_handle_sof_ISR  usb_hcd_int.o
    0x0800482c   0x00000028   Code   RO          975    i.USB_OTG_WritePacket  usb_core.o
    0x08004854   0x00000002   Code   RO           12    i.UsageFault_Handler  stm32fxxx_it.o
    0x08004856   0x00000002   PAD
    0x08004858   0x00000020   Code   RO         4910    i.__0printf$8       mc_w.l(printf8.o)
    0x08004878   0x0000000e   Code   RO         5005    i.__scatterload_copy  mc_w.l(handlers.o)
    0x08004886   0x00000002   Code   RO         5006    i.__scatterload_null  mc_w.l(handlers.o)
    0x08004888   0x0000000e   Code   RO         5007    i.__scatterload_zeroinit  mc_w.l(handlers.o)
    0x08004896   0x00000002   PAD
    0x08004898   0x00000420   Code   RO         4917    i._printf_core      mc_w.l(printf8.o)
    0x08004cb8   0x00000026   Code   RO         4918    i._printf_post_padding  mc_w.l(printf8.o)
    0x08004cde   0x00000030   Code   RO         4919    i._printf_pre_padding  mc_w.l(printf8.o)
    0x08004d0e   0x00000002   PAD
    0x08004d10   0x0000005c   Code   RO         1400    i.check_fs          ff.o
    0x08004d6c   0x000001d0   Code   RO         1401    i.chk_mounted       ff.o
    0x08004f3c   0x00000018   Code   RO         1402    i.clust2sect        ff.o
    0x08004f54   0x00000092   Code   RO         1403    i.create_chain      ff.o
    0x08004fe6   0x00000002   PAD
    0x08004fe8   0x00000100   Code   RO         1404    i.create_name       ff.o
    0x080050e8   0x0000001c   Code   RO         4353    i.delay_ms          stm324xg_eval_lcd.o
    0x08005104   0x000000ee   Code   RO         1405    i.dir_next          ff.o
    0x080051f2   0x00000044   Code   RO         1406    i.dir_read          ff.o
    0x08005236   0x00000066   Code   RO         1407    i.dir_register      ff.o
    0x0800529c   0x0000007e   Code   RO         1409    i.dir_seek          ff.o
    0x0800531a   0x00000002   PAD
    0x0800531c   0x00000020   Code   RO         1350    i.disk_initialize   usbh_msc_fatfs.o
    0x0800533c   0x00000040   Code   RO         1351    i.disk_ioctl        usbh_msc_fatfs.o
    0x0800537c   0x00000064   Code   RO         1352    i.disk_read         usbh_msc_fatfs.o
    0x080053e0   0x00000010   Code   RO         1353    i.disk_status       usbh_msc_fatfs.o
    0x080053f0   0x0000006c   Code   RO         1354    i.disk_write        usbh_msc_fatfs.o
    0x0800545c   0x00000012   Code   RO         1411    i.f_close           ff.o
    0x0800546e   0x00000140   Code   RO         1414    i.f_lseek           ff.o
    0x080055ae   0x00000002   PAD
    0x080055b0   0x00000028   Code   RO         1417    i.f_mount           ff.o
    0x080055d8   0x00000148   Code   RO         1418    i.f_open            ff.o
    0x08005720   0x0000004e   Code   RO         1419    i.f_opendir         ff.o
    0x0800576e   0x0000015c   Code   RO         1423    i.f_read            ff.o
    0x080058ca   0x00000050   Code   RO         1424    i.f_readdir         ff.o
    0x0800591a   0x000000a4   Code   RO         1427    i.f_sync            ff.o
    0x080059be   0x00000196   Code   RO         1431    i.f_write           ff.o
    0x08005b54   0x000000c2   Code   RO         1432    i.follow_path       ff.o
    0x08005c16   0x00000002   PAD
    0x08005c18   0x000000f0   Code   RO         1684    i.fputc             lcd_log.o
    0x08005d08   0x000000b4   Code   RO         1433    i.get_fat           ff.o
    0x08005dbc   0x00000004   Code   RO         1655    i.get_fattime       fattime.o
    0x08005dc0   0x0000006e   Code   RO         1434    i.get_fileinfo      ff.o
    0x08005e2e   0x00000002   PAD
    0x08005e30   0x00000054   Code   RO          308    i.main              main.o
    0x08005e84   0x00000012   Code   RO         1435    i.mem_cpy           ff.o
    0x08005e96   0x0000000e   Code   RO         1436    i.mem_set           ff.o
    0x08005ea4   0x0000006a   Code   RO         1437    i.move_window       ff.o
    0x08005f0e   0x000000f2   Code   RO         1438    i.put_fat           ff.o
    0x08006000   0x00000062   Code   RO         1439    i.remove_chain      ff.o
    0x08006062   0x000000b8   Code   RO         1440    i.sync              ff.o
    0x0800611a   0x00000020   Code   RO         1441    i.validate          ff.o
    0x0800613a   0x0000013e   Data   RO          398    .constdata          usbh_usr.o
    0x08006278   0x000000c2   Data   RO         1442    .constdata          ff.o
    0x0800633a   0x000011d0   Data   RO         4354    .constdata          stm324xg_eval_lcd.o
    0x0800750a   0x00000900   Data   RO         4355    .constdata          stm324xg_eval_lcd.o
    0x08007e0a   0x00000900   Data   RO         4356    .constdata          stm324xg_eval_lcd.o
    0x0800870a   0x00000002   PAD
    0x0800870c   0x0000005c   Data   RO         4569    .constdata          stm324xg_eval.o
    0x08008768   0x00000020   Data   RO         5003    Region$$Table       anon$$obj.o


    Execution Region RW_IRAM1 (Base: 0x20000000, Size: 0x00001b40, Max: 0x00020000, ABSOLUTE)

    Base Addr    Size         Type   Attr      Idx    E Section Name        Object

    0x20000000   0x00000004   Data   RW          247    .data               usb_bsp.o
    0x20000004   0x00000003   Data   RW          401    .data               usbh_usr.o
    0x20000007   0x00000001   PAD
    0x20000008   0x00000048   Data   RW          402    .data               usbh_usr.o
    0x20000050   0x00000004   Data   RW          612    .data               usbh_stdreq.o
    0x20000054   0x0000000c   Data   RW          694    .data               usbh_core.o
    0x20000060   0x00000004   Data   RW          695    .data               usbh_core.o
    0x20000064   0x00000002   Data   RW          696    .data               usbh_core.o
    0x20000066   0x00000001   Data   RW         1206    .data               usbh_msc_scsi.o
    0x20000067   0x00000001   PAD
    0x20000068   0x00000014   Data   RW         1261    .data               usbh_msc_bot.o
    0x2000007c   0x00000002   Data   RW         1307    .data               usbh_msc_core.o
    0x2000007e   0x00000002   PAD
    0x20000080   0x00000010   Data   RW         1308    .data               usbh_msc_core.o
    0x20000090   0x00000001   Data   RW         1355    .data               usbh_msc_fatfs.o
    0x20000091   0x00000003   PAD
    0x20000094   0x0000000c   Data   RW         1443    .data               ff.o
    0x200000a0   0x00000012   Data   RW         1686    .data               lcd_log.o
    0x200000b2   0x00000010   Data   RW         3879    .data               stm32f4xx_rcc.o
    0x200000c2   0x00000002   PAD
    0x200000c4   0x00000014   Data   RW         4358    .data               stm324xg_eval_lcd.o
    0x200000d8   0x00000008   Data   RW         4359    .data               stm324xg_eval_lcd.o
    0x200000e0   0x00000008   Data   RW         4360    .data               stm324xg_eval_lcd.o
    0x200000e8   0x0000002c   Data   RW         4570    .data               stm324xg_eval.o
    0x20000114   0x00000001   Data   RW         4660    .data               stm324xg_eval_key.o
    0x20000115   0x00000003   PAD
    0x20000118   0x00000004   Data   RW         4979    .data               mc_w.l(stdout.o)
    0x2000011c   0x00000630   Zero   RW          309    .bss                main.o
    0x2000074c   0x00000724   Zero   RW          395    .bss                usbh_usr.o
    0x20000e70   0x00000200   Zero   RW          611    .bss                usbh_stdreq.o
    0x20001070   0x00000210   Zero   RW         1204    .bss                usbh_msc_scsi.o
    0x20001280   0x00000040   Zero   RW         1260    .bss                usbh_msc_bot.o
    0x200012c0   0x0000020a   Zero   RW         1306    .bss                usbh_msc_core.o
    0x200014ca   0x00000270   Zero   RW         1685    .bss                lcd_log.o
    0x2000173a   0x00000006   PAD
    0x20001740   0x00000400   Zero   RW         1738    STACK               startup_stm32f4xx.o


==============================================================================

Image component sizes


      Code (inc. data)   RO Data    RW Data    ZI Data      Debug   Object Name

         4          0          0          0          0        542   fattime.o
      4476         42        194         12          0      29370   ff.o
       738         34          0         18        624       7117   lcd_log.o
        84         12          0          0       1584       2347   main.o
       140         26          0          0          0       2389   misc.o
        36          8        392          0       1024        940   startup_stm32f4xx.o
        28          8         92         44          0       2641   stm324xg_eval.o
       344         32          0          1          0       2255   stm324xg_eval_key.o
      1556         82       9168         36          0      15302   stm324xg_eval_lcd.o
       224          4          0          0          0       2149   stm32f4xx_fsmc.o
       174          0          0          0          0       3384   stm32f4xx_gpio.o
       224         32          0         16          0       4899   stm32f4xx_rcc.o
       212         28          0          0          0       5832   stm32f4xx_tim.o
        32          6          0          0          0     316453   stm32fxxx_it.o
       248         34          0          0          0       1585   system_stm32f4xx.o
       622         24          0          4          0       6028   usb_bsp.o
      1696         26          0          0          0      19057   usb_core.o
       160          0          0          0          0       5531   usb_hcd.o
      3656         16          0          0          0      11103   usb_hcd_int.o
      1448         44          0         18          0      10289   usbh_core.o
       240          0          0          0          0       4432   usbh_hcs.o
       290          0          0          0          0       5526   usbh_ioreq.o
       744         66          0         20         64       7261   usbh_msc_bot.o
       636         48          0         18        522       6393   usbh_msc_core.o
       320         46          0          1          0       5734   usbh_msc_fatfs.o
       988         76          0          1        528       8008   usbh_msc_scsi.o
       766          8          0          4        512       9509   usbh_stdreq.o
      2814       1300        318         75       1828      28039   usbh_usr.o

    ----------------------------------------------------------------------
     22946       2002      10198        280       6692     524115   Object Totals
         0          0         32          0          0          0   (incl. Generated)
        46          0          2         12          6          0   (incl. Padding)

    ----------------------------------------------------------------------

      Code (inc. data)   RO Data    RW Data    ZI Data      Debug   Library Member Name

         0          0          0          0          0          0   entry.o
         8          4          0          0          0          0   entry2.o
         4          0          0          0          0          0   entry5.o
         0          0          0          0          0          0   entry7b.o
         8          4          0          0          0          0   entry8.o
        30          0          0          0          0          0   handlers.o
        36          8          0          0          0         68   init.o
        30          0          0          0          0         68   llshl.o
        32          0          0          0          0         68   llushr.o
        36          0          0          0          0         68   memcpya.o
      1174         56          0          0          0        352   printf8.o
         0          0          0          4          0          0   stdout.o
        28          0          0          0          0         68   strcat.o
        18          0          0          0          0         68   strcpy.o
        44          0          0          0          0         80   strstr.o
        98          0          0          0          0         92   uldiv.o

    ----------------------------------------------------------------------
      1552         72          0          4          0        932   Library Totals
         6          0          0          0          0          0   (incl. Padding)

    ----------------------------------------------------------------------

      Code (inc. data)   RO Data    RW Data    ZI Data      Debug   Library Name

      1546         72          0          4          0        932   mc_w.l

    ----------------------------------------------------------------------
      1552         72          0          4          0        932   Library Totals

    ----------------------------------------------------------------------

==============================================================================


      Code (inc. data)   RO Data    RW Data    ZI Data      Debug   

     24498       2074      10198        284       6692     504079   Grand Totals
     24498       2074      10198        284       6692     504079   ELF Image Totals
     24498       2074      10198        284          0          0   ROM Totals

==============================================================================

    Total RO  Size (Code + RO Data)                34696 (  33.88kB)
    Total RW  Size (RW Data + ZI Data)              6976 (   6.81kB)
    Total ROM Size (Code + RO Data + RW Data)      34980 (  34.16kB)

==============================================================================

